[INFO] Scanning for projects...
[INFO] 
[INFO] -------------------------< com.ai:token.usage >-------------------------
[INFO] Building  0.0.1-SNAPSHOT
[INFO]   from pom.xml
[INFO] --------------------------------[ jar ]---------------------------------
[INFO] 
[INFO] --- resources:3.5.0:resources (default-resources) @ token.usage ---
[INFO] Copying 2 resources from src/main/resources to target/classes
[INFO] Copying 0 resource from src/main/resources to target/classes
[INFO] 
[INFO] --- compiler:3.15.0:compile (default-compile) @ token.usage ---
[INFO] Nothing to compile - all classes are up to date.
[INFO] 
[INFO] --- kotlin:2.3.21:compile (compile) @ token.usage ---
[INFO] Applied plugin: 'spring'
[INFO] Options for KOTLIN DAEMON: CompilationOptions(compilerMode=NON_INCREMENTAL_COMPILER, targetPlatform=JVM, reportCategories=[0], reportSeverity=2, requestedCompilationResults=[0], kotlinScriptExtensions=null, generateCompilerRefIndex=false)
[INFO] 
[INFO] --- build-helper:3.6.1:add-test-source (experiment-java) @ token.usage ---
[INFO] Test Source directory: /private/var/folders/n6/1nrbxjp5209dyzpfgv0hf4p80000gn/T/logging-trial-kr1lptjj/investigation/src/test/java added.
[INFO] 
[INFO] --- build-helper:3.6.1:add-test-resource (experiment-resources) @ token.usage ---
[INFO] 
[INFO] --- resources:3.5.0:testResources (default-testResources) @ token.usage ---
[INFO] skip non existing resourceDirectory /private/var/folders/n6/1nrbxjp5209dyzpfgv0hf4p80000gn/T/logging-trial-kr1lptjj/src/test/resources
[INFO] Copying 2 resources from investigation/src/test/resources to target/test-classes
[INFO] 
[INFO] --- compiler:3.15.0:testCompile (default-testCompile) @ token.usage ---
[INFO] Recompiling the module because of changed dependency.
[INFO] Compiling 2 source files with javac [debug parameters release 25] to target/test-classes
[INFO] 
[INFO] --- kotlin:2.3.21:test-compile (test-compile) @ token.usage ---
[INFO] Applied plugin: 'spring'
[INFO] Options for KOTLIN DAEMON: CompilationOptions(compilerMode=NON_INCREMENTAL_COMPILER, targetPlatform=JVM, reportCategories=[0], reportSeverity=2, requestedCompilationResults=[0], kotlinScriptExtensions=null, generateCompilerRefIndex=false)
[INFO] 
[INFO] --- surefire:3.5.6:test (default-test) @ token.usage ---
[INFO] Using auto detected provider org.apache.maven.surefire.junitplatform.JUnitPlatformProvider
[INFO] 
[INFO] -------------------------------------------------------
[INFO]  T E S T S
[INFO] -------------------------------------------------------
[INFO] Running com.ai.token.experiment.FailureCasesTest
CASE_BEGIN 01
CASE_END 01
[ERROR] Tests run: 1, Failures: 1, Errors: 0, Skipped: 0, Time elapsed: 0.057 s <<< FAILURE! -- in com.ai.token.experiment.FailureCasesTest
[ERROR] com.ai.token.experiment.FailureCasesTest.scenario -- Time elapsed: 0.024 s <<< FAILURE!
org.opentest4j.AssertionFailedError: total price ==> expected: <30> but was: <13>
	at org.junit.jupiter.api.AssertionFailureBuilder.build(AssertionFailureBuilder.java:158)
	at org.junit.jupiter.api.AssertionFailureBuilder.buildAndThrow(AssertionFailureBuilder.java:139)
	at org.junit.jupiter.api.AssertEquals.failNotEqual(AssertEquals.java:201)
	at org.junit.jupiter.api.AssertEquals.assertEquals(AssertEquals.java:152)
	at org.junit.jupiter.api.Assertions.assertEquals(Assertions.java:590)
	at com.ai.token.experiment.FailureCasesTest.scenario(FailureCasesTest.java:39)

[INFO] 
[INFO] Results:
[INFO] 
[ERROR] Failures: 
[ERROR]   FailureCasesTest.scenario:39 total price ==> expected: <30> but was: <13>
[INFO] 
[ERROR] Tests run: 1, Failures: 1, Errors: 0, Skipped: 0
[INFO] 
[INFO] ------------------------------------------------------------------------
[INFO] BUILD FAILURE
[INFO] ------------------------------------------------------------------------
[INFO] Total time:  2.533 s
[INFO] Finished at: 2026-09-30T19:30:25+02:00
[INFO] ------------------------------------------------------------------------
[ERROR] Failed to execute goal org.apache.maven.plugins:maven-surefire-plugin:3.5.6:test (default-test) on project token.usage: There are test failures.
[ERROR] 
[ERROR] See /private/var/folders/n6/1nrbxjp5209dyzpfgv0hf4p80000gn/T/logging-trial-kr1lptjj/target/surefire-reports for the individual test results.
[ERROR] See dump files (if any exist) [date].dump, [date]-jvmRun[N].dump and [date].dumpstream.
[ERROR] -> [Help 1]
[ERROR] 
[ERROR] To see the full stack trace of the errors, re-run Maven with the -e switch.
[ERROR] Re-run Maven using the -X switch to enable full debug logging.
[ERROR] 
[ERROR] For more information about the errors and possible solutions, please read the following articles:
[ERROR] [Help 1] http://cwiki.apache.org/confluence/display/MAVEN/MojoFailureException
