[INFO] Scanning for projects...
[INFO] 
[INFO] -------------------------< com.ai:token.usage >-------------------------
[INFO] Building  0.0.1-SNAPSHOT
[INFO]   from pom.xml
[INFO] --------------------------------[ jar ]---------------------------------
[INFO] 
[INFO] --- resources:3.5.0:resources (default-resources) @ token.usage ---
[INFO] Copying 1 resource from src/main/resources to target/classes
[INFO] Copying 0 resource from src/main/resources to target/classes
[INFO] 
[INFO] --- compiler:3.15.0:compile (default-compile) @ token.usage ---
[INFO] Nothing to compile - all classes are up to date.
[INFO] 
[INFO] --- kotlin:2.3.21:compile (compile) @ token.usage ---
[INFO] Applied plugin: 'spring'
[INFO] starting the daemon as: /Users/hadiranjbar/Library/Java/JavaVirtualMachines/openjdk-25/Contents/Home/bin/java -cp /Users/hadiranjbar/Downloads/java/token.usage/investigation/.m2/org/jetbrains/kotlin/kotlin-build-tools-impl/2.3.21/kotlin-build-tools-impl-2.3.21.jar:/Users/hadiranjbar/Downloads/java/token.usage/investigation/.m2/org/jetbrains/kotlin/kotlin-build-tools-api/2.3.21/kotlin-build-tools-api-2.3.21.jar:/Users/hadiranjbar/Downloads/java/token.usage/investigation/.m2/org/jetbrains/kotlin/kotlin-stdlib/2.3.21/kotlin-stdlib-2.3.21.jar:/Users/hadiranjbar/Downloads/java/token.usage/investigation/.m2/org/jetbrains/annotations/13.0/annotations-13.0.jar:/Users/hadiranjbar/Downloads/java/token.usage/investigation/.m2/org/jetbrains/kotlin/kotlin-build-tools-cri-impl/2.3.21/kotlin-build-tools-cri-impl-2.3.21.jar:/Users/hadiranjbar/Downloads/java/token.usage/investigation/.m2/org/jetbrains/kotlin/kotlin-compiler-embeddable/2.3.21/kotlin-compiler-embeddable-2.3.21.jar:/Users/hadiranjbar/Downloads/java/token.usage/investigation/.m2/org/jetbrains/kotlin/kotlin-script-runtime/2.3.21/kotlin-script-runtime-2.3.21.jar:/Users/hadiranjbar/Downloads/java/token.usage/investigation/.m2/org/jetbrains/kotlin/kotlin-reflect/1.6.10/kotlin-reflect-1.6.10.jar:/Users/hadiranjbar/Downloads/java/token.usage/investigation/.m2/org/jetbrains/kotlin/kotlin-daemon-embeddable/2.3.21/kotlin-daemon-embeddable-2.3.21.jar:/Users/hadiranjbar/Downloads/java/token.usage/investigation/.m2/org/jetbrains/kotlinx/kotlinx-coroutines-core-jvm/1.8.0/kotlinx-coroutines-core-jvm-1.8.0.jar:/Users/hadiranjbar/Downloads/java/token.usage/investigation/.m2/org/jetbrains/kotlin/kotlin-compiler-runner/2.3.21/kotlin-compiler-runner-2.3.21.jar:/Users/hadiranjbar/Downloads/java/token.usage/investigation/.m2/org/jetbrains/kotlin/kotlin-daemon-client/2.3.21/kotlin-daemon-client-2.3.21.jar:/Users/hadiranjbar/Downloads/java/token.usage/investigation/.m2/org/jetbrains/kotlin/kotlin-scripting-compiler-embeddable/2.3.21/kotlin-scripting-compiler-embeddable-2.3.21.jar:/Users/hadiranjbar/Downloads/java/token.usage/investigation/.m2/org/jetbrains/kotlin/kotlin-scripting-common/2.3.21/kotlin-scripting-common-2.3.21.jar:/Users/hadiranjbar/Downloads/java/token.usage/investigation/.m2/org/jetbrains/kotlin/kotlin-scripting-jvm/2.3.21/kotlin-scripting-jvm-2.3.21.jar:/Users/hadiranjbar/Downloads/java/token.usage/investigation/.m2/org/jetbrains/kotlin/kotlin-scripting-compiler-impl-embeddable/2.3.21/kotlin-scripting-compiler-impl-embeddable-2.3.21.jar -Djava.awt.headless=true -Djava.rmi.server.hostname=127.0.0.1 -Xmx8192m -XX:ReservedCodeCacheSize=320m -ea -Dkotlin.daemon.custom.run.files.path.for.tests=/Users/hadiranjbar/Library/Application Support/kotlin/daemon -XX:+UseCodeCacheFlushing -XX:+UseParallelGC -Dkotlin.daemon.initiator.marker.file=/var/folders/n6/1nrbxjp5209dyzpfgv0hf4p80000gn/T/kotlin-compiler-client-3893790768741734251-is-running --add-exports java.base/sun.nio.ch=ALL-UNNAMED org.jetbrains.kotlin.daemon.KotlinCompileDaemon --daemon-runFilesPath /Users/hadiranjbar/Library/Application Support/kotlin/daemon --daemon-autoshutdownIdleSeconds=7200 --daemon-shutdownDelayMilliseconds=1800000 --daemon-compilerClasspath /Users/hadiranjbar/Downloads/java/token.usage/investigation/.m2/org/jetbrains/kotlin/kotlin-build-tools-impl/2.3.21/kotlin-build-tools-impl-2.3.21.jar:/Users/hadiranjbar/Downloads/java/token.usage/investigation/.m2/org/jetbrains/kotlin/kotlin-build-tools-api/2.3.21/kotlin-build-tools-api-2.3.21.jar:/Users/hadiranjbar/Downloads/java/token.usage/investigation/.m2/org/jetbrains/kotlin/kotlin-stdlib/2.3.21/kotlin-stdlib-2.3.21.jar:/Users/hadiranjbar/Downloads/java/token.usage/investigation/.m2/org/jetbrains/annotations/13.0/annotations-13.0.jar:/Users/hadiranjbar/Downloads/java/token.usage/investigation/.m2/org/jetbrains/kotlin/kotlin-build-tools-cri-impl/2.3.21/kotlin-build-tools-cri-impl-2.3.21.jar:/Users/hadiranjbar/Downloads/java/token.usage/investigation/.m2/org/jetbrains/kotlin/kotlin-compiler-embeddable/2.3.21/kotlin-compiler-embeddable-2.3.21.jar:/Users/hadiranjbar/Downloads/java/token.usage/investigation/.m2/org/jetbrains/kotlin/kotlin-script-runtime/2.3.21/kotlin-script-runtime-2.3.21.jar:/Users/hadiranjbar/Downloads/java/token.usage/investigation/.m2/org/jetbrains/kotlin/kotlin-reflect/1.6.10/kotlin-reflect-1.6.10.jar:/Users/hadiranjbar/Downloads/java/token.usage/investigation/.m2/org/jetbrains/kotlin/kotlin-daemon-embeddable/2.3.21/kotlin-daemon-embeddable-2.3.21.jar:/Users/hadiranjbar/Downloads/java/token.usage/investigation/.m2/org/jetbrains/kotlinx/kotlinx-coroutines-core-jvm/1.8.0/kotlinx-coroutines-core-jvm-1.8.0.jar:/Users/hadiranjbar/Downloads/java/token.usage/investigation/.m2/org/jetbrains/kotlin/kotlin-compiler-runner/2.3.21/kotlin-compiler-runner-2.3.21.jar:/Users/hadiranjbar/Downloads/java/token.usage/investigation/.m2/org/jetbrains/kotlin/kotlin-daemon-client/2.3.21/kotlin-daemon-client-2.3.21.jar:/Users/hadiranjbar/Downloads/java/token.usage/investigation/.m2/org/jetbrains/kotlin/kotlin-scripting-compiler-embeddable/2.3.21/kotlin-scripting-compiler-embeddable-2.3.21.jar:/Users/hadiranjbar/Downloads/java/token.usage/investigation/.m2/org/jetbrains/kotlin/kotlin-scripting-common/2.3.21/kotlin-scripting-common-2.3.21.jar:/Users/hadiranjbar/Downloads/java/token.usage/investigation/.m2/org/jetbrains/kotlin/kotlin-scripting-jvm/2.3.21/kotlin-scripting-jvm-2.3.21.jar:/Users/hadiranjbar/Downloads/java/token.usage/investigation/.m2/org/jetbrains/kotlin/kotlin-scripting-compiler-impl-embeddable/2.3.21/kotlin-scripting-compiler-impl-embeddable-2.3.21.jar
[INFO] #1 retrying connecting to the daemon 
[INFO] Options for KOTLIN DAEMON: CompilationOptions(compilerMode=NON_INCREMENTAL_COMPILER, targetPlatform=JVM, reportCategories=[0], reportSeverity=2, requestedCompilationResults=[0], kotlinScriptExtensions=null, generateCompilerRefIndex=false)
[INFO] 
[INFO] --- resources:3.5.0:testResources (default-testResources) @ token.usage ---
[INFO] skip non existing resourceDirectory /Users/hadiranjbar/Downloads/java/token.usage/src/test/resources
[INFO] 
[INFO] --- compiler:3.15.0:testCompile (default-testCompile) @ token.usage ---
[INFO] Recompiling the module because of changed dependency.
[INFO] 
[INFO] --- kotlin:2.3.21:test-compile (test-compile) @ token.usage ---
[INFO] Applied plugin: 'spring'
[INFO] Options for KOTLIN DAEMON: CompilationOptions(compilerMode=NON_INCREMENTAL_COMPILER, targetPlatform=JVM, reportCategories=[0], reportSeverity=2, requestedCompilationResults=[0], kotlinScriptExtensions=null, generateCompilerRefIndex=false)
[INFO] 
[INFO] --- surefire:3.5.6:test (default-test) @ token.usage ---
[INFO] Using auto detected provider org.apache.maven.surefire.junitplatform.JUnitPlatformProvider
[INFO] 
[INFO] -------------------------------------------------------
[INFO]  T E S T S
[INFO] -------------------------------------------------------
[INFO] Running com.ai.token.usage.ApplicationTests
19:11:34.578 [main] INFO org.springframework.test.context.support.AnnotationConfigContextLoaderUtils -- Could not detect default configuration classes for test class [com.ai.token.usage.ApplicationTests]: ApplicationTests does not declare any static, non-private, non-final, nested classes annotated with @Configuration.
19:11:34.633 [main] INFO org.springframework.boot.test.context.SpringBootTestContextBootstrapper -- Found @SpringBootConfiguration com.ai.token.usage.Application for test class com.ai.token.usage.ApplicationTests
19:11:34.674 [main] INFO org.springframework.test.context.support.AnnotationConfigContextLoaderUtils -- Could not detect default configuration classes for test class [com.ai.token.usage.ApplicationTests]: ApplicationTests does not declare any static, non-private, non-final, nested classes annotated with @Configuration.
19:11:34.675 [main] INFO org.springframework.boot.test.context.SpringBootTestContextBootstrapper -- Found @SpringBootConfiguration com.ai.token.usage.Application for test class com.ai.token.usage.ApplicationTests

  .   ____          _            __ _ _
 /\\ / ___'_ __ _ _(_)_ __  __ _ \ \ \ \
( ( )\___ | '_ | '_| | '_ \/ _` | \ \ \ \
 \\/  ___)| |_)| | | | | || (_| |  ) ) ) )
  '  |____| .__|_| |_|_| |_\__, | / / / /
 =========|_|==============|___/=/_/_/_/

 :: Spring Boot ::                (v4.1.1)

2026-09-30T19:11:34.848+02:00  INFO 33145 --- [token.usage] [           main] com.ai.token.usage.ApplicationTests      : Starting ApplicationTests using Java 25 with PID 33145 (started by hadiranjbar in /Users/hadiranjbar/Downloads/java/token.usage)
2026-09-30T19:11:34.849+02:00  INFO 33145 --- [token.usage] [           main] com.ai.token.usage.ApplicationTests      : No active profile set, falling back to 1 default profile: "default"
2026-09-30T19:11:34.849+02:00 DEBUG 33145 --- [token.usage] [           main] o.s.boot.SpringApplication               : Loading source class com.ai.token.usage.Application
2026-09-30T19:11:35.212+02:00 DEBUG 33145 --- [token.usage] [           main] .s.b.a.l.ConditionEvaluationReportLogger : 


============================
CONDITIONS EVALUATION REPORT
============================


Positive matches:
-----------------

   AopAutoConfiguration matched:
      - @ConditionalOnBooleanProperty (spring.aop.auto=true) matched (OnPropertyCondition)

   AopAutoConfiguration.ClassProxyingConfiguration matched:
      - @ConditionalOnMissingClass did not find unwanted class 'org.aspectj.weaver.Advice' (OnClassCondition)
      - @ConditionalOnBooleanProperty (spring.aop.proxy-target-class=true) matched (OnPropertyCondition)

   ApplicationAvailabilityAutoConfiguration#applicationAvailability matched:
      - @ConditionalOnMissingBean (types: org.springframework.boot.availability.ApplicationAvailability; SearchStrategy: all) did not find any beans (OnBeanCondition)

   LifecycleAutoConfiguration#defaultLifecycleProcessor matched:
      - @ConditionalOnMissingBean (names: lifecycleProcessor; SearchStrategy: current) did not find any beans (OnBeanCondition)

   PropertyPlaceholderAutoConfiguration#propertySourcesPlaceholderConfigurer matched:
      - @ConditionalOnMissingBean (types: org.springframework.context.support.PropertySourcesPlaceholderConfigurer; SearchStrategy: current) did not find any beans (OnBeanCondition)

   SslAutoConfiguration#sslBundleRegistry matched:
      - @ConditionalOnMissingBean (types: org.springframework.boot.ssl.SslBundleRegistry,org.springframework.boot.ssl.SslBundles; SearchStrategy: all) did not find any beans (OnBeanCondition)

   TaskExecutionAutoConfiguration matched:
      - @ConditionalOnClass found required class 'org.springframework.scheduling.concurrent.ThreadPoolTaskExecutor' (OnClassCondition)

   TaskExecutorConfigurations.AsyncConfigurerConfiguration matched:
      - @ConditionalOnMissingBean (types: org.springframework.scheduling.annotation.AsyncConfigurer; SearchStrategy: all) did not find any beans (OnBeanCondition)

   TaskExecutorConfigurations.SimpleAsyncTaskExecutorBuilderConfiguration#simpleAsyncTaskExecutorBuilder matched:
      - @ConditionalOnMissingBean (types: org.springframework.boot.task.SimpleAsyncTaskExecutorBuilder; SearchStrategy: all) did not find any beans (OnBeanCondition)
      - @ConditionalOnThreading found PLATFORM (OnThreadingCondition)

   TaskExecutorConfigurations.TaskExecutorConfiguration matched:
      - AnyNestedCondition 1 matched 1 did not; NestedCondition on TaskExecutorConfigurations.OnExecutorCondition.ModelCondition @ConditionalOnProperty (spring.task.execution.mode=force) did not find property 'spring.task.execution.mode'; NestedCondition on TaskExecutorConfigurations.OnExecutorCondition.ExecutorBeanCondition @ConditionalOnMissingBean (types: java.util.concurrent.Executor; SearchStrategy: all) did not find any beans (TaskExecutorConfigurations.OnExecutorCondition)

   TaskExecutorConfigurations.TaskExecutorConfiguration#applicationTaskExecutor matched:
      - @ConditionalOnThreading found PLATFORM (OnThreadingCondition)

   TaskExecutorConfigurations.ThreadPoolTaskExecutorBuilderConfiguration#threadPoolTaskExecutorBuilder matched:
      - @ConditionalOnMissingBean (types: org.springframework.boot.task.ThreadPoolTaskExecutorBuilder; SearchStrategy: all) did not find any beans (OnBeanCondition)

   TaskSchedulingAutoConfiguration matched:
      - @ConditionalOnClass found required class 'org.springframework.scheduling.concurrent.ThreadPoolTaskScheduler' (OnClassCondition)

   TaskSchedulingConfigurations.SimpleAsyncTaskSchedulerBuilderConfiguration#simpleAsyncTaskSchedulerBuilder matched:
      - @ConditionalOnMissingBean (types: org.springframework.boot.task.SimpleAsyncTaskSchedulerBuilder; SearchStrategy: all) did not find any beans (OnBeanCondition)
      - @ConditionalOnThreading found PLATFORM (OnThreadingCondition)

   TaskSchedulingConfigurations.ThreadPoolTaskSchedulerBuilderConfiguration#threadPoolTaskSchedulerBuilder matched:
      - @ConditionalOnMissingBean (types: org.springframework.boot.task.ThreadPoolTaskSchedulerBuilder; SearchStrategy: all) did not find any beans (OnBeanCondition)


Negative matches:
-----------------

   AopAutoConfiguration.AspectJAutoProxyingConfiguration:
      Did not match:
         - @ConditionalOnClass did not find required class 'org.aspectj.weaver.Advice' (OnClassCondition)

   JmxAutoConfiguration:
      Did not match:
         - @ConditionalOnBooleanProperty (spring.jmx.enabled=true) found different value in property 'spring.jmx.enabled' (OnPropertyCondition)
      Matched:
         - @ConditionalOnClass found required class 'org.springframework.jmx.export.MBeanExporter' (OnClassCondition)

   MessageSourceAutoConfiguration:
      Did not match:
         - ResourceBundle did not find bundle with basename messages (MessageSourceAutoConfiguration.ResourceBundleCondition)

   ProjectInfoAutoConfiguration#buildProperties:
      Did not match:
         - @ConditionalOnResource did not find resource '${spring.info.build.location:classpath:META-INF/build-info.properties}' (OnResourceCondition)

   ProjectInfoAutoConfiguration#gitProperties:
      Did not match:
         - GitResource did not find git info at classpath:git.properties (ProjectInfoAutoConfiguration.GitResourceAvailableCondition)

   SpringApplicationAdminJmxAutoConfiguration:
      Did not match:
         - @ConditionalOnBooleanProperty (spring.application.admin.enabled=true) did not find property 'spring.application.admin.enabled' (OnPropertyCondition)

   TaskExecutorConfigurations.AsyncConfigurerWrapperConfiguration:
      Did not match:
         - @ConditionalOnBean (types: org.springframework.scheduling.annotation.AsyncConfigurer; SearchStrategy: all) did not find any beans of type org.springframework.scheduling.annotation.AsyncConfigurer (OnBeanCondition)

   TaskExecutorConfigurations.SimpleAsyncTaskExecutorBuilderConfiguration#simpleAsyncTaskExecutorBuilderVirtualThreads:
      Did not match:
         - @ConditionalOnMissingBean (types: org.springframework.boot.task.SimpleAsyncTaskExecutorBuilder; SearchStrategy: all) found beans of type 'org.springframework.boot.task.SimpleAsyncTaskExecutorBuilder' simpleAsyncTaskExecutorBuilder (OnBeanCondition)

   TaskExecutorConfigurations.TaskExecutorConfiguration#applicationTaskExecutorVirtualThreads:
      Did not match:
         - @ConditionalOnThreading did not find VIRTUAL (OnThreadingCondition)

   TaskExecutorConfigurations.TaskExecutorContextPropagationConfiguration:
      Did not match:
         - @ConditionalOnClass did not find required class 'io.micrometer.context.ContextSnapshot' (OnClassCondition)

   TaskSchedulingAutoConfiguration#scheduledBeanLazyInitializationExcludeFilter:
      Did not match:
         - @ConditionalOnBean (names: org.springframework.scheduling.config.internalScheduledAnnotationProcessor; SearchStrategy: all) did not find any beans named org.springframework.scheduling.config.internalScheduledAnnotationProcessor (OnBeanCondition)

   TaskSchedulingConfigurations.SimpleAsyncTaskSchedulerBuilderConfiguration#simpleAsyncTaskSchedulerBuilderVirtualThreads:
      Did not match:
         - @ConditionalOnMissingBean (types: org.springframework.boot.task.SimpleAsyncTaskSchedulerBuilder; SearchStrategy: all) found beans of type 'org.springframework.boot.task.SimpleAsyncTaskSchedulerBuilder' simpleAsyncTaskSchedulerBuilder (OnBeanCondition)

   TaskSchedulingConfigurations.TaskSchedulerConfiguration:
      Did not match:
         - @ConditionalOnBean (names: org.springframework.scheduling.config.internalScheduledAnnotationProcessor; SearchStrategy: all) did not find any beans named org.springframework.scheduling.config.internalScheduledAnnotationProcessor (OnBeanCondition)


Exclusions:
-----------

    None


Unconditional classes:
----------------------

    org.springframework.boot.autoconfigure.context.ConfigurationPropertiesAutoConfiguration

    org.springframework.boot.autoconfigure.ssl.SslAutoConfiguration

    org.springframework.boot.autoconfigure.context.LifecycleAutoConfiguration

    org.springframework.boot.autoconfigure.context.PropertyPlaceholderAutoConfiguration

    org.springframework.boot.autoconfigure.availability.ApplicationAvailabilityAutoConfiguration

    org.springframework.boot.autoconfigure.info.ProjectInfoAutoConfiguration



2026-09-30T19:11:35.213+02:00  INFO 33145 --- [token.usage] [           main] com.ai.token.usage.ApplicationTests      : Started ApplicationTests in 0.51 seconds (process running for 1.053)
2026-09-30T19:11:35.214+02:00 DEBUG 33145 --- [token.usage] [           main] o.s.b.a.ApplicationAvailabilityBean      : Application availability state LivenessState changed to CORRECT
2026-09-30T19:11:35.215+02:00 DEBUG 33145 --- [token.usage] [           main] o.s.b.a.ApplicationAvailabilityBean      : Application availability state ReadinessState changed to ACCEPTING_TRAFFIC
[INFO] Tests run: 1, Failures: 0, Errors: 0, Skipped: 0, Time elapsed: 1.262 s -- in com.ai.token.usage.ApplicationTests
[INFO] 
[INFO] Results:
[INFO] 
[INFO] Tests run: 1, Failures: 0, Errors: 0, Skipped: 0
[INFO] 
[INFO] ------------------------------------------------------------------------
[INFO] BUILD SUCCESS
[INFO] ------------------------------------------------------------------------
[INFO] Total time:  27.255 s
[INFO] Finished at: 2026-09-30T19:11:35+02:00
[INFO] ------------------------------------------------------------------------
