Collecting tiktoken
  Downloading tiktoken-0.14.0-cp39-cp39-macosx_11_0_arm64.whl (1.0 MB)
Collecting matplotlib
  Downloading matplotlib-3.9.4-cp39-cp39-macosx_11_0_arm64.whl (7.8 MB)
Collecting regex
  Downloading regex-2026.1.15-cp39-cp39-macosx_11_0_arm64.whl (288 kB)
Collecting requests
  Downloading requests-2.32.5-py3-none-any.whl (64 kB)
Collecting numpy>=1.23
  Downloading numpy-2.0.2-cp39-cp39-macosx_14_0_arm64.whl (5.3 MB)
Collecting python-dateutil>=2.7
  Downloading python_dateutil-2.9.0.post0-py2.py3-none-any.whl (229 kB)
Collecting fonttools>=4.22.0
  Downloading fonttools-4.60.2-cp39-cp39-macosx_10_9_universal2.whl (2.9 MB)
Collecting pillow>=8
  Downloading pillow-11.3.0-cp39-cp39-macosx_11_0_arm64.whl (4.7 MB)
Collecting pyparsing>=2.3.1
  Downloading pyparsing-3.3.3-py3-none-any.whl (126 kB)
Collecting cycler>=0.10
  Downloading cycler-0.12.1-py3-none-any.whl (8.3 kB)
Collecting packaging>=20.0
  Downloading packaging-26.3-py3-none-any.whl (129 kB)
Collecting importlib-resources>=3.2.0
  Downloading importlib_resources-6.5.2-py3-none-any.whl (37 kB)
Collecting kiwisolver>=1.3.1
  Downloading kiwisolver-1.4.7-cp39-cp39-macosx_11_0_arm64.whl (64 kB)
Collecting contourpy>=1.0.1
  Downloading contourpy-1.3.0-cp39-cp39-macosx_11_0_arm64.whl (249 kB)
Collecting zipp>=3.1.0
  Downloading zipp-3.23.1-py3-none-any.whl (10 kB)
Collecting six>=1.5
  Downloading six-1.17.0-py2.py3-none-any.whl (11 kB)
Collecting charset_normalizer<4,>=2
  Downloading charset_normalizer-3.5.2-cp39-cp39-macosx_10_9_universal2.whl (374 kB)
Collecting idna<4,>=2.5
  Downloading idna-3.20-py3-none-any.whl (69 kB)
Collecting certifi>=2017.4.17
  Downloading certifi-2026.7.22-py3-none-any.whl (136 kB)
Collecting urllib3<3,>=1.21.1
  Downloading urllib3-2.6.3-py3-none-any.whl (131 kB)
Installing collected packages: zipp, urllib3, six, numpy, idna, charset-normalizer, certifi, requests, regex, python-dateutil, pyparsing, pillow, packaging, kiwisolver, importlib-resources, fonttools, cycler, contourpy, tiktoken, matplotlib
Successfully installed certifi-2026.7.22 charset-normalizer-3.5.2 contourpy-1.3.0 cycler-0.12.1 fonttools-4.60.2 idna-3.20 importlib-resources-6.5.2 kiwisolver-1.4.7 matplotlib-3.9.4 numpy-2.0.2 packaging-26.3 pillow-11.3.0 pyparsing-3.3.3 python-dateutil-2.9.0.post0 regex-2026.1.15 requests-2.32.5 six-1.17.0 tiktoken-0.14.0 urllib3-2.6.3 zipp-3.23.1
