[INFO] Scanning for projects...
[INFO] 
[INFO] -------------------------< com.ai:token.usage >-------------------------
[INFO] Building  0.0.1-SNAPSHOT
[INFO]   from pom.xml
[INFO] --------------------------------[ jar ]---------------------------------
[INFO] 
[INFO] --- surefire:3.5.6:test (default-cli) @ token.usage ---
[INFO] Using auto detected provider org.apache.maven.surefire.junitplatform.JUnitPlatformProvider
[INFO] 
[INFO] -------------------------------------------------------
[INFO]  T E S T S
[INFO] -------------------------------------------------------
[INFO] Running com.ai.token.experiment.FailureCasesTest
CASE_BEGIN 06

  .   ____          _            __ _ _
 /\\ / ___'_ __ _ _(_)_ __  __ _ \ \ \ \
( ( )\___ | '_ | '_| | '_ \/ _` | \ \ \ \
 \\/  ___)| |_)| | | | | || (_| |  ) ) ) )
  '  |____| .__|_| |_|_| |_\__, | / / / /
 =========|_|==============|___/=/_/_/_/

 :: Spring Boot ::                (v4.1.1)

2026-09-30T19:30:41.619+02:00  INFO 43157 --- [token.usage] [           main] o.a.maven.surefire.booter.ForkedBooter   : Starting ForkedBooter v3.5.6 using Java 25 with PID 43157 (started by hadiranjbar in /Users/hadiranjbar/Downloads/java/token.usage)
2026-09-30T19:30:41.621+02:00  INFO 43157 --- [token.usage] [           main] o.a.maven.surefire.booter.ForkedBooter   : The following 1 profile is active: "p2"
2026-09-30T19:30:41.697+02:00  INFO 43157 --- [token.usage] [           main] o.a.maven.surefire.booter.ForkedBooter   : Started ForkedBooter in 0.298 seconds (process running for 0.841)
EFFECTIVE profiles=[p2] console=null exception=%replace(%wEx){'(?m)^[ \t]+at (?:org\.junit\.|org\.apache\.maven\.surefire\.|java\.lang\.reflect\.|jdk\.internal\.reflect\.)[^\r\n]*[\r\n]+',''}%nopex
2026-09-30T19:30:41.810+02:00 ERROR 43157 --- [token.usage] [           main] com.ai.token.experiment.Defects          : save users failed request=db-6

org.h2.jdbc.JdbcSQLIntegrityConstraintViolationException: Unique index or primary key violation: "PUBLIC.UQ_EMAIL INDEX PUBLIC.UQ_EMAIL_INDEX_4 ON PUBLIC.USERS(EMAIL NULLS FIRST) VALUES ( /* 1 */ 'same@example.test' )"; SQL statement:
INSERT INTO users VALUES (?, ?) [23505-240]
	at org.h2.message.DbException.getJdbcSQLException(DbException.java:520) ~[h2-2.4.240.jar:2.4.240]
	at org.h2.message.DbException.getJdbcSQLException(DbException.java:489) ~[h2-2.4.240.jar:2.4.240]
	at org.h2.message.DbException.get(DbException.java:223) ~[h2-2.4.240.jar:2.4.240]
	at org.h2.message.DbException.get(DbException.java:199) ~[h2-2.4.240.jar:2.4.240]
	at org.h2.index.Index.getDuplicateKeyException(Index.java:535) ~[h2-2.4.240.jar:2.4.240]
	at org.h2.mvstore.db.MVSecondaryIndex.checkUnique(MVSecondaryIndex.java:223) ~[h2-2.4.240.jar:2.4.240]
	at org.h2.mvstore.db.MVSecondaryIndex.add(MVSecondaryIndex.java:184) ~[h2-2.4.240.jar:2.4.240]
	at org.h2.mvstore.db.MVTable.addRow(MVTable.java:520) ~[h2-2.4.240.jar:2.4.240]
	at org.h2.command.dml.Insert.insertRows(Insert.java:174) ~[h2-2.4.240.jar:2.4.240]
	at org.h2.command.dml.Insert.update(Insert.java:135) ~[h2-2.4.240.jar:2.4.240]
	at org.h2.command.dml.DataChangeStatement.update(DataChangeStatement.java:77) ~[h2-2.4.240.jar:2.4.240]
	at org.h2.command.CommandContainer.update(CommandContainer.java:139) ~[h2-2.4.240.jar:2.4.240]
	at org.h2.command.Command.executeUpdate(Command.java:306) ~[h2-2.4.240.jar:2.4.240]
	at org.h2.command.Command.executeUpdate(Command.java:250) ~[h2-2.4.240.jar:2.4.240]
	at org.h2.jdbc.JdbcPreparedStatement.executeUpdateInternal(JdbcPreparedStatement.java:213) ~[h2-2.4.240.jar:2.4.240]
	at org.h2.jdbc.JdbcPreparedStatement.executeUpdate(JdbcPreparedStatement.java:172) ~[h2-2.4.240.jar:2.4.240]
	at com.ai.token.experiment.Defects.save(Defects.java:42) ~[test-classes/:na]
	at com.ai.token.experiment.Defects.saveCaught(Defects.java:46) ~[test-classes/:na]
	at com.ai.token.experiment.FailureCasesTest.scenario(FailureCasesTest.java:59) ~[test-classes/:na]
	at java.base/jdk.internal.reflect.DirectMethodHandleAccessor.invoke(DirectMethodHandleAccessor.java:104) ~[na:na]
	at java.base/java.lang.reflect.Method.invoke(Method.java:565) ~[na:na]
	at java.base/java.util.ArrayList.forEach(ArrayList.java:1604) ~[na:na]
	at java.base/java.util.ArrayList.forEach(ArrayList.java:1604) ~[na:na]
	at java.base/jdk.internal.reflect.DirectMethodHandleAccessor.invoke(DirectMethodHandleAccessor.java:104) ~[na:na]
	at java.base/java.lang.reflect.Method.invoke(Method.java:565) ~[na:na]
2026-09-30T19:30:41.814+02:00 ERROR 43157 --- [token.usage] [           main] com.ai.token.experiment.Defects          : request=db-6 failed at service boundary

org.h2.jdbc.JdbcSQLIntegrityConstraintViolationException: Unique index or primary key violation: "PUBLIC.UQ_EMAIL INDEX PUBLIC.UQ_EMAIL_INDEX_4 ON PUBLIC.USERS(EMAIL NULLS FIRST) VALUES ( /* 1 */ 'same@example.test' )"; SQL statement:
INSERT INTO users VALUES (?, ?) [23505-240]
	at org.h2.message.DbException.getJdbcSQLException(DbException.java:520) ~[h2-2.4.240.jar:2.4.240]
	at org.h2.message.DbException.getJdbcSQLException(DbException.java:489) ~[h2-2.4.240.jar:2.4.240]
	at org.h2.message.DbException.get(DbException.java:223) ~[h2-2.4.240.jar:2.4.240]
	at org.h2.message.DbException.get(DbException.java:199) ~[h2-2.4.240.jar:2.4.240]
	at org.h2.index.Index.getDuplicateKeyException(Index.java:535) ~[h2-2.4.240.jar:2.4.240]
	at org.h2.mvstore.db.MVSecondaryIndex.checkUnique(MVSecondaryIndex.java:223) ~[h2-2.4.240.jar:2.4.240]
	at org.h2.mvstore.db.MVSecondaryIndex.add(MVSecondaryIndex.java:184) ~[h2-2.4.240.jar:2.4.240]
	at org.h2.mvstore.db.MVTable.addRow(MVTable.java:520) ~[h2-2.4.240.jar:2.4.240]
	at org.h2.command.dml.Insert.insertRows(Insert.java:174) ~[h2-2.4.240.jar:2.4.240]
	at org.h2.command.dml.Insert.update(Insert.java:135) ~[h2-2.4.240.jar:2.4.240]
	at org.h2.command.dml.DataChangeStatement.update(DataChangeStatement.java:77) ~[h2-2.4.240.jar:2.4.240]
	at org.h2.command.CommandContainer.update(CommandContainer.java:139) ~[h2-2.4.240.jar:2.4.240]
	at org.h2.command.Command.executeUpdate(Command.java:306) ~[h2-2.4.240.jar:2.4.240]
	at org.h2.command.Command.executeUpdate(Command.java:250) ~[h2-2.4.240.jar:2.4.240]
	at org.h2.jdbc.JdbcPreparedStatement.executeUpdateInternal(JdbcPreparedStatement.java:213) ~[h2-2.4.240.jar:2.4.240]
	at org.h2.jdbc.JdbcPreparedStatement.executeUpdate(JdbcPreparedStatement.java:172) ~[h2-2.4.240.jar:2.4.240]
	at com.ai.token.experiment.Defects.save(Defects.java:42) ~[test-classes/:na]
	at com.ai.token.experiment.Defects.saveCaught(Defects.java:46) ~[test-classes/:na]
	at com.ai.token.experiment.FailureCasesTest.scenario(FailureCasesTest.java:59) ~[test-classes/:na]
	at java.base/jdk.internal.reflect.DirectMethodHandleAccessor.invoke(DirectMethodHandleAccessor.java:104) ~[na:na]
	at java.base/java.lang.reflect.Method.invoke(Method.java:565) ~[na:na]
	at java.base/java.util.ArrayList.forEach(ArrayList.java:1604) ~[na:na]
	at java.base/java.util.ArrayList.forEach(ArrayList.java:1604) ~[na:na]
	at java.base/jdk.internal.reflect.DirectMethodHandleAccessor.invoke(DirectMethodHandleAccessor.java:104) ~[na:na]
	at java.base/java.lang.reflect.Method.invoke(Method.java:565) ~[na:na]
CASE_END 06
[ERROR] Tests run: 1, Failures: 1, Errors: 0, Skipped: 0, Time elapsed: 0.564 s <<< FAILURE! -- in com.ai.token.experiment.FailureCasesTest
[ERROR] com.ai.token.experiment.FailureCasesTest.scenario -- Time elapsed: 0.521 s <<< FAILURE!
org.opentest4j.AssertionFailedError: both distinct users must be saved ==> expected: <true> but was: <false>
	at org.junit.jupiter.api.AssertionFailureBuilder.build(AssertionFailureBuilder.java:158)
	at org.junit.jupiter.api.AssertionFailureBuilder.buildAndThrow(AssertionFailureBuilder.java:139)
	at org.junit.jupiter.api.AssertTrue.failNotTrue(AssertTrue.java:69)
	at org.junit.jupiter.api.AssertTrue.assertTrue(AssertTrue.java:41)
	at org.junit.jupiter.api.Assertions.assertTrue(Assertions.java:228)
	at com.ai.token.experiment.FailureCasesTest.scenario(FailureCasesTest.java:59)

[INFO] 
[INFO] Results:
[INFO] 
[ERROR] Failures: 
[ERROR]   FailureCasesTest.scenario:59 both distinct users must be saved ==> expected: <true> but was: <false>
[INFO] 
[ERROR] Tests run: 1, Failures: 1, Errors: 0, Skipped: 0
[INFO] 
[INFO] ------------------------------------------------------------------------
[INFO] BUILD FAILURE
[INFO] ------------------------------------------------------------------------
[INFO] Total time:  1.625 s
[INFO] Finished at: 2026-09-30T19:30:41+02:00
[INFO] ------------------------------------------------------------------------
[ERROR] Failed to execute goal org.apache.maven.plugins:maven-surefire-plugin:3.5.6:test (default-cli) on project token.usage: There are test failures.
[ERROR] 
[ERROR] See /Users/hadiranjbar/Downloads/java/token.usage/investigation/raw/v2/06/p2/3/reports for the individual test results.
[ERROR] See dump files (if any exist) [date].dump, [date]-jvmRun[N].dump and [date].dumpstream.
[ERROR] -> [Help 1]
[ERROR] 
[ERROR] To see the full stack trace of the errors, re-run Maven with the -e switch.
[ERROR] Re-run Maven using the -X switch to enable full debug logging.
[ERROR] 
[ERROR] For more information about the errors and possible solutions, please read the following articles:
[ERROR] [Help 1] http://cwiki.apache.org/confluence/display/MAVEN/MojoFailureException
