[INFO] Scanning for projects...
[INFO] 
[INFO] -------------------------< com.ai:token.usage >-------------------------
[INFO] Building  0.0.1-SNAPSHOT
[INFO]   from pom.xml
[INFO] --------------------------------[ jar ]---------------------------------
[INFO] 
[INFO] --- resources:3.5.0:resources (default-resources) @ token.usage ---
[INFO] Copying 2 resources from src/main/resources to target/classes
[INFO] Copying 0 resource from src/main/resources to target/classes
[INFO] 
[INFO] --- compiler:3.15.0:compile (default-compile) @ token.usage ---
[INFO] Nothing to compile - all classes are up to date.
[INFO] 
[INFO] --- kotlin:2.3.21:compile (compile) @ token.usage ---
[INFO] Applied plugin: 'spring'
[INFO] 
[INFO] --- build-helper:3.6.1:add-test-source (experiment-java) @ token.usage ---
[INFO] Test Source directory: /private/var/folders/n6/1nrbxjp5209dyzpfgv0hf4p80000gn/T/natural-read-3pccmubl/investigation/src/test/java added.
[INFO] 
[INFO] --- build-helper:3.6.1:add-test-resource (experiment-resources) @ token.usage ---
[INFO] 
[INFO] --- resources:3.5.0:testResources (default-testResources) @ token.usage ---
[INFO] skip non existing resourceDirectory /private/var/folders/n6/1nrbxjp5209dyzpfgv0hf4p80000gn/T/natural-read-3pccmubl/src/test/resources
[INFO] Copying 2 resources from investigation/src/test/resources to target/test-classes
[INFO] 
[INFO] --- compiler:3.15.0:testCompile (default-testCompile) @ token.usage ---
[INFO] Recompiling the module because of changed dependency.
[INFO] Compiling 3 source files with javac [debug parameters release 25] to target/test-classes
[INFO] 
[INFO] --- kotlin:2.3.21:test-compile (test-compile) @ token.usage ---
[INFO] Applied plugin: 'spring'
[INFO] 
[INFO] --- surefire:3.5.6:test (default-test) @ token.usage ---
[INFO] Using auto detected provider org.apache.maven.surefire.junitplatform.JUnitPlatformProvider
[INFO] 
[INFO] -------------------------------------------------------
[INFO]  T E S T S
[INFO] -------------------------------------------------------
[INFO] Running com.ai.token.experiment.FailureCasesTest
CASE_BEGIN 10

  .   ____          _            __ _ _
 /\\ / ___'_ __ _ _(_)_ __  __ _ \ \ \ \
( ( )\___ | '_ | '_| | '_ \/ _` | \ \ \ \
 \\/  ___)| |_)| | | | | || (_| |  ) ) ) )
  '  |____| .__|_| |_|_| |_\__, | / / / /
 =========|_|==============|___/=/_/_/_/

 :: Spring Boot ::                (v4.1.1)

00:58:09.387 INFO [main] o.a.m.surefire.booter.ForkedBooter: Starting ForkedBooter v3.5.6 using Java 25 with PID 58734 (started by hadiranjbar in /private/var/folders/n6/1nrbxjp5209dyzpfgv0hf4p80000gn/T/natural-read-3pccmubl)
00:58:09.389 INFO [main] o.a.m.surefire.booter.ForkedBooter: The following 1 profile is active: "agent"
00:58:09.473 INFO [main] o.a.m.surefire.booter.ForkedBooter: Started ForkedBooter in 0.278 seconds (process running for 0.689)
00:58:09.489 INFO [main] o.testcontainers.images.PullPolicy: Image pull policy will be performed by: DefaultPullPolicy()
00:58:09.490 INFO [main] o.t.utility.ImageNameSubstitutor: Image name substitution will be performed by: DefaultImageNameSubstitutor (composite of 'ConfigurationFileImageNameSubstitutor' and 'PrefixingImageNameSubstitutor')
00:58:09.494 INFO [main] o.testcontainers.DockerClientFactory: Testcontainers version: 2.0.5
00:58:09.635 INFO [main] o.t.d.DockerClientProviderStrategy: Loaded org.testcontainers.dockerclient.UnixSocketClientProviderStrategy from ~/.testcontainers.properties, will try it first
00:58:09.849 INFO [main] o.t.d.DockerClientProviderStrategy: Found Docker environment with local Unix socket (unix:///var/run/docker.sock)
00:58:09.850 INFO [main] o.testcontainers.DockerClientFactory: Docker host IP address is localhost
00:58:09.861 INFO [main] o.testcontainers.DockerClientFactory: Connected to docker: 
  Server Version: 29.6.2
  API Version: 1.55
  Operating System: Docker Desktop
  Total Memory: 7936 MB
  Labels: 
    com.docker.desktop.address=unix:///Users/hadiranjbar/Library/Containers/com.docker.docker/Data/docker-cli.sock
00:58:09.946 INFO [main] tc.testcontainers/ryuk:0.14.0: Creating container for image: testcontainers/ryuk:0.14.0
00:58:10.016 INFO [main] o.t.utility.RegistryAuthLocator: Credential helper/store (docker-credential-desktop) does not have credentials for https://index.docker.io/v1/
00:58:10.081 INFO [main] tc.testcontainers/ryuk:0.14.0: Container testcontainers/ryuk:0.14.0 is starting: 8aaed40b0030f10b74e39b8e72824172c7df684d5ae8e0f554dafde5bd47f958
00:58:10.291 INFO [main] tc.testcontainers/ryuk:0.14.0: Container testcontainers/ryuk:0.14.0 started in PT0.344794S
00:58:10.295 INFO [main] o.t.utility.RyukResourceReaper: Ryuk started - will monitor and terminate Testcontainers containers on JVM exit
00:58:10.295 INFO [main] o.testcontainers.DockerClientFactory: Checking the system...
00:58:10.295 INFO [main] o.testcontainers.DockerClientFactory: ✔︎ Docker server version should be at least 1.6.0
00:58:10.296 INFO [main] tc.alpine:3.22.1: Creating container for image: alpine:3.22.1
00:58:10.332 INFO [main] tc.alpine:3.22.1: Container alpine:3.22.1 is starting: 40a9e5450dedca3e60568a9ddde47b53edab34c11410b9f8847031f58e4ce2a2
00:58:18.520 ERROR [main] tc.alpine:3.22.1: Could not start container

org.testcontainers.containers.ContainerLaunchException: Timed out waiting for log output matching '.*service ready.*\n'
	at org.testcontainers.containers.wait.strategy.LogMessageWaitStrategy.waitUntilReady(LogMessageWaitStrategy.java:47) ~[testcontainers-2.0.5.jar:2.0.5]
	at org.testcontainers.containers.wait.strategy.AbstractWaitStrategy.waitUntilReady(AbstractWaitStrategy.java:52) ~[testcontainers-2.0.5.jar:2.0.5]
	at org.testcontainers.containers.GenericContainer.waitUntilContainerStarted(GenericContainer.java:904) ~[testcontainers-2.0.5.jar:2.0.5]
	at org.testcontainers.containers.GenericContainer.tryStart(GenericContainer.java:487) ~[testcontainers-2.0.5.jar:2.0.5]
	at org.testcontainers.containers.GenericContainer.lambda$doStart$0(GenericContainer.java:341) ~[testcontainers-2.0.5.jar:2.0.5]
	at org.rnorth.ducttape.unreliables.Unreliables.retryUntilSuccess(Unreliables.java:81) ~[duct-tape-1.0.8.jar:na]
	at org.testcontainers.containers.GenericContainer.doStart(GenericContainer.java:331) ~[testcontainers-2.0.5.jar:2.0.5]
	at org.testcontainers.containers.GenericContainer.start(GenericContainer.java:317) ~[testcontainers-2.0.5.jar:2.0.5]
	at com.ai.token.experiment.FailureCasesTest.scenario(FailureCasesTest.java:84) ~[test-classes/:na]
	at java.base/jdk.internal.reflect.DirectMethodHandleAccessor.invoke(DirectMethodHandleAccessor.java:104) ~[na:na]
	at java.base/java.lang.reflect.Method.invoke(Method.java:565) ~[na:na]
	at java.base/java.util.ArrayList.forEach(ArrayList.java:1604) ~[na:na]
	at java.base/java.util.ArrayList.forEach(ArrayList.java:1604) ~[na:na]
	at java.base/jdk.internal.reflect.DirectMethodHandleAccessor.invoke(DirectMethodHandleAccessor.java:104) ~[na:na]
	at java.base/java.lang.reflect.Method.invoke(Method.java:565) ~[na:na]
00:58:18.562 ERROR [main] tc.alpine:3.22.1: Log output from the failed container:
worker ready

CASE_END 10
[ERROR] Tests run: 1, Failures: 0, Errors: 1, Skipped: 0, Time elapsed: 9.617 s <<< FAILURE! -- in com.ai.token.experiment.FailureCasesTest
[ERROR] com.ai.token.experiment.FailureCasesTest.scenario -- Time elapsed: 9.583 s <<< ERROR!
org.testcontainers.containers.ContainerLaunchException: Container startup failed for image alpine:3.22.1
	at org.testcontainers.containers.GenericContainer.doStart(GenericContainer.java:346)
	at org.testcontainers.containers.GenericContainer.start(GenericContainer.java:317)
	at com.ai.token.experiment.FailureCasesTest.scenario(FailureCasesTest.java:84)
Caused by: org.rnorth.ducttape.RetryCountExceededException: Retry limit hit with exception
	at org.rnorth.ducttape.unreliables.Unreliables.retryUntilSuccess(Unreliables.java:88)
	at org.testcontainers.containers.GenericContainer.doStart(GenericContainer.java:331)
	... 2 more
Caused by: org.testcontainers.containers.ContainerLaunchException: Could not create/start container
	at org.testcontainers.containers.GenericContainer.tryStart(GenericContainer.java:551)
	at org.testcontainers.containers.GenericContainer.lambda$doStart$0(GenericContainer.java:341)
	at org.rnorth.ducttape.unreliables.Unreliables.retryUntilSuccess(Unreliables.java:81)
	... 3 more
Caused by: org.testcontainers.containers.ContainerLaunchException: Timed out waiting for log output matching '.*service ready.*\n'
	at org.testcontainers.containers.wait.strategy.LogMessageWaitStrategy.waitUntilReady(LogMessageWaitStrategy.java:47)
	at org.testcontainers.containers.wait.strategy.AbstractWaitStrategy.waitUntilReady(AbstractWaitStrategy.java:52)
	at org.testcontainers.containers.GenericContainer.waitUntilContainerStarted(GenericContainer.java:904)
	at org.testcontainers.containers.GenericContainer.tryStart(GenericContainer.java:487)
	... 5 more

[INFO] 
[INFO] Results:
[INFO] 
[ERROR] Errors: 
[ERROR]   FailureCasesTest.scenario:84 » ContainerLaunch Container startup failed for image alpine:3.22.1
[INFO] 
[ERROR] Tests run: 1, Failures: 0, Errors: 1, Skipped: 0
[INFO] 
[INFO] ------------------------------------------------------------------------
[INFO] BUILD FAILURE
[INFO] ------------------------------------------------------------------------
[INFO] Total time:  14.444 s
[INFO] Finished at: 2026-10-02T00:58:18+02:00
[INFO] ------------------------------------------------------------------------
[ERROR] Failed to execute goal org.apache.maven.plugins:maven-surefire-plugin:3.5.6:test (default-test) on project token.usage: 
[ERROR] 
[ERROR] See /private/var/folders/n6/1nrbxjp5209dyzpfgv0hf4p80000gn/T/natural-read-3pccmubl/target/surefire-reports for the individual test results.
[ERROR] See dump files (if any exist) [date].dump, [date]-jvmRun[N].dump and [date].dumpstream.
[ERROR] -> [Help 1]
[ERROR] 
[ERROR] To see the full stack trace of the errors, re-run Maven with the -e switch.
[ERROR] Re-run Maven using the -X switch to enable full debug logging.
[ERROR] 
[ERROR] For more information about the errors and possible solutions, please read the following articles:
[ERROR] [Help 1] http://cwiki.apache.org/confluence/display/MAVEN/MojoFailureException
