[INFO] Scanning for projects...
[INFO] 
[INFO] -------------------------< com.ai:token.usage >-------------------------
[INFO] Building  0.0.1-SNAPSHOT
[INFO]   from pom.xml
[INFO] --------------------------------[ jar ]---------------------------------
[INFO] 
[INFO] --- resources:3.5.0:resources (default-resources) @ token.usage ---
[INFO] Copying 2 resources from src/main/resources to target/classes
[INFO] Copying 0 resource from src/main/resources to target/classes
[INFO] 
[INFO] --- compiler:3.15.0:compile (default-compile) @ token.usage ---
[INFO] Nothing to compile - all classes are up to date.
[INFO] 
[INFO] --- kotlin:2.3.21:compile (compile) @ token.usage ---
[INFO] Applied plugin: 'spring'
[INFO] 
[INFO] --- build-helper:3.6.1:add-test-source (experiment-java) @ token.usage ---
[INFO] Test Source directory: /private/var/folders/n6/1nrbxjp5209dyzpfgv0hf4p80000gn/T/natural-verify-vrurwf_3/investigation/src/test/java added.
[INFO] 
[INFO] --- build-helper:3.6.1:add-test-resource (experiment-resources) @ token.usage ---
[INFO] 
[INFO] --- resources:3.5.0:testResources (default-testResources) @ token.usage ---
[INFO] skip non existing resourceDirectory /private/var/folders/n6/1nrbxjp5209dyzpfgv0hf4p80000gn/T/natural-verify-vrurwf_3/src/test/resources
[INFO] Copying 2 resources from investigation/src/test/resources to target/test-classes
[INFO] 
[INFO] --- compiler:3.15.0:testCompile (default-testCompile) @ token.usage ---
[INFO] Recompiling the module because of changed dependency.
[INFO] Compiling 3 source files with javac [debug parameters release 25] to target/test-classes
[INFO] 
[INFO] --- kotlin:2.3.21:test-compile (test-compile) @ token.usage ---
[INFO] Applied plugin: 'spring'
[INFO] 
[INFO] --- surefire:3.5.6:test (default-test) @ token.usage ---
[INFO] Using auto detected provider org.apache.maven.surefire.junitplatform.JUnitPlatformProvider
[INFO] 
[INFO] -------------------------------------------------------
[INFO]  T E S T S
[INFO] -------------------------------------------------------
[INFO] Running com.ai.token.experiment.FailureCasesTest
CASE_BEGIN 10

  .   ____          _            __ _ _
 /\\ / ___'_ __ _ _(_)_ __  __ _ \ \ \ \
( ( )\___ | '_ | '_| | '_ \/ _` | \ \ \ \
 \\/  ___)| |_)| | | | | || (_| |  ) ) ) )
  '  |____| .__|_| |_|_| |_\__, | / / / /
 =========|_|==============|___/=/_/_/_/

 :: Spring Boot ::                (v4.1.1)

00:58:55.773 INFO [main] o.a.m.surefire.booter.ForkedBooter: Starting ForkedBooter v3.5.6 using Java 25 with PID 59103 (started by hadiranjbar in /private/var/folders/n6/1nrbxjp5209dyzpfgv0hf4p80000gn/T/natural-verify-vrurwf_3)
00:58:55.775 INFO [main] o.a.m.surefire.booter.ForkedBooter: The following 1 profile is active: "agent"
00:58:55.852 INFO [main] o.a.m.surefire.booter.ForkedBooter: Started ForkedBooter in 0.274 seconds (process running for 0.698)
00:58:55.866 INFO [main] o.testcontainers.images.PullPolicy: Image pull policy will be performed by: DefaultPullPolicy()
00:58:55.867 INFO [main] o.t.utility.ImageNameSubstitutor: Image name substitution will be performed by: DefaultImageNameSubstitutor (composite of 'ConfigurationFileImageNameSubstitutor' and 'PrefixingImageNameSubstitutor')
00:58:55.871 INFO [main] o.testcontainers.DockerClientFactory: Testcontainers version: 2.0.5
00:58:56.000 INFO [main] o.t.d.DockerClientProviderStrategy: Loaded org.testcontainers.dockerclient.UnixSocketClientProviderStrategy from ~/.testcontainers.properties, will try it first
00:58:56.213 INFO [main] o.t.d.DockerClientProviderStrategy: Found Docker environment with local Unix socket (unix:///var/run/docker.sock)
00:58:56.214 INFO [main] o.testcontainers.DockerClientFactory: Docker host IP address is localhost
00:58:56.229 INFO [main] o.testcontainers.DockerClientFactory: Connected to docker: 
  Server Version: 29.6.2
  API Version: 1.55
  Operating System: Docker Desktop
  Total Memory: 7936 MB
  Labels: 
    com.docker.desktop.address=unix:///Users/hadiranjbar/Library/Containers/com.docker.docker/Data/docker-cli.sock
00:58:56.316 INFO [main] tc.testcontainers/ryuk:0.14.0: Creating container for image: testcontainers/ryuk:0.14.0
00:58:56.398 INFO [main] o.t.utility.RegistryAuthLocator: Credential helper/store (docker-credential-desktop) does not have credentials for https://index.docker.io/v1/
00:58:56.468 INFO [main] tc.testcontainers/ryuk:0.14.0: Container testcontainers/ryuk:0.14.0 is starting: e50427e6f78be88126c37bb65b9189d378c51561eb58799aa90cb0bca9e36c4e
00:58:56.668 INFO [main] tc.testcontainers/ryuk:0.14.0: Container testcontainers/ryuk:0.14.0 started in PT0.351559S
00:58:56.671 INFO [main] o.t.utility.RyukResourceReaper: Ryuk started - will monitor and terminate Testcontainers containers on JVM exit
00:58:56.672 INFO [main] o.testcontainers.DockerClientFactory: Checking the system...
00:58:56.672 INFO [main] o.testcontainers.DockerClientFactory: ✔︎ Docker server version should be at least 1.6.0
00:58:56.672 INFO [main] tc.alpine:3.22.1: Creating container for image: alpine:3.22.1
00:58:56.705 INFO [main] tc.alpine:3.22.1: Container alpine:3.22.1 is starting: 5436b28438bf46efbdceb6f4757805d32fd98042449c66886543e5066fb2479f
00:58:56.840 INFO [main] tc.alpine:3.22.1: Container alpine:3.22.1 started in PT0.167592S
CASE_END 10
[INFO] Tests run: 1, Failures: 0, Errors: 0, Skipped: 0, Time elapsed: 1.486 s -- in com.ai.token.experiment.FailureCasesTest
[INFO] 
[INFO] Results:
[INFO] 
[INFO] Tests run: 1, Failures: 0, Errors: 0, Skipped: 0
[INFO] 
[INFO] ------------------------------------------------------------------------
[INFO] BUILD SUCCESS
[INFO] ------------------------------------------------------------------------
[INFO] Total time:  6.146 s
[INFO] Finished at: 2026-10-02T00:58:57+02:00
[INFO] ------------------------------------------------------------------------
