[INFO] Scanning for projects...
[INFO] 
[INFO] -------------------------< com.ai:token.usage >-------------------------
[INFO] Building  0.0.1-SNAPSHOT
[INFO]   from pom.xml
[INFO] --------------------------------[ jar ]---------------------------------
[INFO] 
[INFO] --- resources:3.5.0:resources (default-resources) @ token.usage ---
[INFO] Copying 2 resources from src/main/resources to target/classes
[INFO] Copying 0 resource from src/main/resources to target/classes
[INFO] 
[INFO] --- compiler:3.15.0:compile (default-compile) @ token.usage ---
[INFO] Nothing to compile - all classes are up to date.
[INFO] 
[INFO] --- kotlin:2.3.21:compile (compile) @ token.usage ---
[INFO] Applied plugin: 'spring'
[INFO] 
[INFO] --- build-helper:3.6.1:add-test-source (experiment-java) @ token.usage ---
[INFO] Test Source directory: /private/var/folders/n6/1nrbxjp5209dyzpfgv0hf4p80000gn/T/routine-verify-37tw_bv0/investigation/src/test/java added.
[INFO] 
[INFO] --- build-helper:3.6.1:add-test-resource (experiment-resources) @ token.usage ---
[INFO] 
[INFO] --- resources:3.5.0:testResources (default-testResources) @ token.usage ---
[INFO] skip non existing resourceDirectory /private/var/folders/n6/1nrbxjp5209dyzpfgv0hf4p80000gn/T/routine-verify-37tw_bv0/src/test/resources
[INFO] Copying 2 resources from investigation/src/test/resources to target/test-classes
[INFO] 
[INFO] --- compiler:3.15.0:testCompile (default-testCompile) @ token.usage ---
[INFO] Recompiling the module because of changed dependency.
[INFO] Compiling 5 source files with javac [debug parameters release 25] to target/test-classes
[INFO] 
[INFO] --- kotlin:2.3.21:test-compile (test-compile) @ token.usage ---
[INFO] Applied plugin: 'spring'
[INFO] 
[INFO] --- surefire:3.5.6:test (default-test) @ token.usage ---
[INFO] Using auto detected provider org.apache.maven.surefire.junitplatform.JUnitPlatformProvider
[INFO] 
[INFO] -------------------------------------------------------
[INFO]  T E S T S
[INFO] -------------------------------------------------------
[INFO] Running com.ai.token.experiment.RoutineCasesTest

  .   ____          _            __ _ _
 /\\ / ___'_ __ _ _(_)_ __  __ _ \ \ \ \
( ( )\___ | '_ | '_| | '_ \/ _` | \ \ \ \
 \\/  ___)| |_)| | | | | || (_| |  ) ) ) )
  '  |____| .__|_| |_|_| |_\__, | / / / /
 =========|_|==============|___/=/_/_/_/

 :: Spring Boot ::                (v4.1.1)

2026-10-02T18:57:24.457+02:00  INFO 64484 --- [token.usage] [           main] o.a.maven.surefire.booter.ForkedBooter   : Starting ForkedBooter v3.5.6 using Java 25 with PID 64484 (started by hadiranjbar in /private/var/folders/n6/1nrbxjp5209dyzpfgv0hf4p80000gn/T/routine-verify-37tw_bv0)
2026-10-02T18:57:24.459+02:00  INFO 64484 --- [token.usage] [           main] o.a.maven.surefire.booter.ForkedBooter   : No active profile set, falling back to 1 default profile: "default"
2026-10-02T18:57:24.537+02:00  INFO 64484 --- [token.usage] [           main] o.a.maven.surefire.booter.ForkedBooter   : Started ForkedBooter in 0.267 seconds (process running for 0.672)
2026-10-02T18:57:24.559+02:00  INFO 64484 --- [token.usage] [           main] org.testcontainers.images.PullPolicy     : Image pull policy will be performed by: DefaultPullPolicy()
2026-10-02T18:57:24.559+02:00  INFO 64484 --- [token.usage] [           main] o.t.utility.ImageNameSubstitutor         : Image name substitution will be performed by: DefaultImageNameSubstitutor (composite of 'ConfigurationFileImageNameSubstitutor' and 'PrefixingImageNameSubstitutor')
2026-10-02T18:57:24.563+02:00  INFO 64484 --- [token.usage] [           main] org.testcontainers.DockerClientFactory   : Testcontainers version: 2.0.5
2026-10-02T18:57:24.687+02:00  INFO 64484 --- [token.usage] [           main] o.t.d.DockerClientProviderStrategy       : Loaded org.testcontainers.dockerclient.UnixSocketClientProviderStrategy from ~/.testcontainers.properties, will try it first
2026-10-02T18:57:24.896+02:00  INFO 64484 --- [token.usage] [           main] o.t.d.DockerClientProviderStrategy       : Found Docker environment with local Unix socket (unix:///var/run/docker.sock)
2026-10-02T18:57:24.897+02:00  INFO 64484 --- [token.usage] [           main] org.testcontainers.DockerClientFactory   : Docker host IP address is localhost
2026-10-02T18:57:24.911+02:00  INFO 64484 --- [token.usage] [           main] org.testcontainers.DockerClientFactory   : Connected to docker: 
  Server Version: 29.8.1
  API Version: 1.56
  Operating System: Docker Desktop
  Total Memory: 7934 MB
  Labels: 
    com.docker.desktop.address=unix:///Users/hadiranjbar/Library/Containers/com.docker.docker/Data/docker-cli.sock
2026-10-02T18:57:24.999+02:00  INFO 64484 --- [token.usage] [           main] tc.testcontainers/ryuk:0.14.0            : Creating container for image: testcontainers/ryuk:0.14.0
2026-10-02T18:57:25.036+02:00  INFO 64484 --- [token.usage] [           main] o.t.utility.RegistryAuthLocator          : Credential helper/store (docker-credential-desktop) does not have credentials for https://index.docker.io/v1/
2026-10-02T18:57:25.110+02:00  INFO 64484 --- [token.usage] [           main] tc.testcontainers/ryuk:0.14.0            : Container testcontainers/ryuk:0.14.0 is starting: f0b3c4a6539f5637e8c81e4dcebc3fcbf1dd54e6de3e078cbd3b34d03be190c6
2026-10-02T18:57:25.296+02:00  INFO 64484 --- [token.usage] [           main] tc.testcontainers/ryuk:0.14.0            : Container testcontainers/ryuk:0.14.0 started in PT0.296918S
2026-10-02T18:57:25.299+02:00  INFO 64484 --- [token.usage] [           main] o.t.utility.RyukResourceReaper           : Ryuk started - will monitor and terminate Testcontainers containers on JVM exit
2026-10-02T18:57:25.300+02:00  INFO 64484 --- [token.usage] [           main] org.testcontainers.DockerClientFactory   : Checking the system...
2026-10-02T18:57:25.300+02:00  INFO 64484 --- [token.usage] [           main] org.testcontainers.DockerClientFactory   : ✔︎ Docker server version should be at least 1.6.0
2026-10-02T18:57:25.300+02:00  INFO 64484 --- [token.usage] [           main] tc.alpine:3.22.1                         : Creating container for image: alpine:3.22.1
2026-10-02T18:57:25.334+02:00  INFO 64484 --- [token.usage] [           main] tc.alpine:3.22.1                         : Container alpine:3.22.1 is starting: e24c71e7dff7332215ec3ca035fb72823567c043349f636990d42880de02935f
2026-10-02T18:57:25.430+02:00  INFO 64484 --- [token.usage] [           main] tc.alpine:3.22.1                         : Container alpine:3.22.1 started in PT0.129626S
2026-10-02T18:57:25.435+02:00  INFO 64484 --- [token.usage] [           main] com.ai.token.experiment.RoutineService   : request=worker-7 readiness=ok
[INFO] Tests run: 1, Failures: 0, Errors: 0, Skipped: 0, Time elapsed: 1.377 s -- in com.ai.token.experiment.RoutineCasesTest
[INFO] 
[INFO] Results:
[INFO] 
[INFO] Tests run: 1, Failures: 0, Errors: 0, Skipped: 0
[INFO] 
[INFO] ------------------------------------------------------------------------
[INFO] BUILD SUCCESS
[INFO] ------------------------------------------------------------------------
[INFO] Total time:  5.670 s
[INFO] Finished at: 2026-10-02T18:57:25+02:00
[INFO] ------------------------------------------------------------------------
