[INFO] Scanning for projects...
[INFO] 
[INFO] -------------------------< com.ai:token.usage >-------------------------
[INFO] Building  0.0.1-SNAPSHOT
[INFO]   from pom.xml
[INFO] --------------------------------[ jar ]---------------------------------
[INFO] 
[INFO] --- resources:3.5.0:resources (default-resources) @ token.usage ---
[INFO] Copying 2 resources from src/main/resources to target/classes
[INFO] Copying 0 resource from src/main/resources to target/classes
[INFO] 
[INFO] --- compiler:3.15.0:compile (default-compile) @ token.usage ---
[INFO] Nothing to compile - all classes are up to date.
[INFO] 
[INFO] --- kotlin:2.3.21:compile (compile) @ token.usage ---
[INFO] Applied plugin: 'spring'
[INFO] starting the daemon as: /Users/hadiranjbar/Library/Java/JavaVirtualMachines/openjdk-25/Contents/Home/bin/java -cp /Users/hadiranjbar/Downloads/java/token.usage/investigation/.m2/org/jetbrains/kotlin/kotlin-build-tools-impl/2.3.21/kotlin-build-tools-impl-2.3.21.jar:/Users/hadiranjbar/Downloads/java/token.usage/investigation/.m2/org/jetbrains/kotlin/kotlin-build-tools-api/2.3.21/kotlin-build-tools-api-2.3.21.jar:/Users/hadiranjbar/Downloads/java/token.usage/investigation/.m2/org/jetbrains/kotlin/kotlin-stdlib/2.3.21/kotlin-stdlib-2.3.21.jar:/Users/hadiranjbar/Downloads/java/token.usage/investigation/.m2/org/jetbrains/annotations/13.0/annotations-13.0.jar:/Users/hadiranjbar/Downloads/java/token.usage/investigation/.m2/org/jetbrains/kotlin/kotlin-build-tools-cri-impl/2.3.21/kotlin-build-tools-cri-impl-2.3.21.jar:/Users/hadiranjbar/Downloads/java/token.usage/investigation/.m2/org/jetbrains/kotlin/kotlin-compiler-embeddable/2.3.21/kotlin-compiler-embeddable-2.3.21.jar:/Users/hadiranjbar/Downloads/java/token.usage/investigation/.m2/org/jetbrains/kotlin/kotlin-script-runtime/2.3.21/kotlin-script-runtime-2.3.21.jar:/Users/hadiranjbar/Downloads/java/token.usage/investigation/.m2/org/jetbrains/kotlin/kotlin-reflect/1.6.10/kotlin-reflect-1.6.10.jar:/Users/hadiranjbar/Downloads/java/token.usage/investigation/.m2/org/jetbrains/kotlin/kotlin-daemon-embeddable/2.3.21/kotlin-daemon-embeddable-2.3.21.jar:/Users/hadiranjbar/Downloads/java/token.usage/investigation/.m2/org/jetbrains/kotlinx/kotlinx-coroutines-core-jvm/1.8.0/kotlinx-coroutines-core-jvm-1.8.0.jar:/Users/hadiranjbar/Downloads/java/token.usage/investigation/.m2/org/jetbrains/kotlin/kotlin-compiler-runner/2.3.21/kotlin-compiler-runner-2.3.21.jar:/Users/hadiranjbar/Downloads/java/token.usage/investigation/.m2/org/jetbrains/kotlin/kotlin-daemon-client/2.3.21/kotlin-daemon-client-2.3.21.jar:/Users/hadiranjbar/Downloads/java/token.usage/investigation/.m2/org/jetbrains/kotlin/kotlin-scripting-compiler-embeddable/2.3.21/kotlin-scripting-compiler-embeddable-2.3.21.jar:/Users/hadiranjbar/Downloads/java/token.usage/investigation/.m2/org/jetbrains/kotlin/kotlin-scripting-common/2.3.21/kotlin-scripting-common-2.3.21.jar:/Users/hadiranjbar/Downloads/java/token.usage/investigation/.m2/org/jetbrains/kotlin/kotlin-scripting-jvm/2.3.21/kotlin-scripting-jvm-2.3.21.jar:/Users/hadiranjbar/Downloads/java/token.usage/investigation/.m2/org/jetbrains/kotlin/kotlin-scripting-compiler-impl-embeddable/2.3.21/kotlin-scripting-compiler-impl-embeddable-2.3.21.jar -Djava.awt.headless=true -Djava.rmi.server.hostname=127.0.0.1 -Xmx8192m -XX:ReservedCodeCacheSize=320m -ea -Dkotlin.daemon.custom.run.files.path.for.tests=/Users/hadiranjbar/Library/Application Support/kotlin/daemon -XX:+UseCodeCacheFlushing -XX:+UseParallelGC -Dkotlin.daemon.initiator.marker.file=/var/folders/n6/1nrbxjp5209dyzpfgv0hf4p80000gn/T/kotlin-compiler-client-17353975104143254913-is-running --add-exports java.base/sun.nio.ch=ALL-UNNAMED org.jetbrains.kotlin.daemon.KotlinCompileDaemon --daemon-runFilesPath /Users/hadiranjbar/Library/Application Support/kotlin/daemon --daemon-autoshutdownIdleSeconds=7200 --daemon-shutdownDelayMilliseconds=1800000 --daemon-compilerClasspath /Users/hadiranjbar/Downloads/java/token.usage/investigation/.m2/org/jetbrains/kotlin/kotlin-build-tools-impl/2.3.21/kotlin-build-tools-impl-2.3.21.jar:/Users/hadiranjbar/Downloads/java/token.usage/investigation/.m2/org/jetbrains/kotlin/kotlin-build-tools-api/2.3.21/kotlin-build-tools-api-2.3.21.jar:/Users/hadiranjbar/Downloads/java/token.usage/investigation/.m2/org/jetbrains/kotlin/kotlin-stdlib/2.3.21/kotlin-stdlib-2.3.21.jar:/Users/hadiranjbar/Downloads/java/token.usage/investigation/.m2/org/jetbrains/annotations/13.0/annotations-13.0.jar:/Users/hadiranjbar/Downloads/java/token.usage/investigation/.m2/org/jetbrains/kotlin/kotlin-build-tools-cri-impl/2.3.21/kotlin-build-tools-cri-impl-2.3.21.jar:/Users/hadiranjbar/Downloads/java/token.usage/investigation/.m2/org/jetbrains/kotlin/kotlin-compiler-embeddable/2.3.21/kotlin-compiler-embeddable-2.3.21.jar:/Users/hadiranjbar/Downloads/java/token.usage/investigation/.m2/org/jetbrains/kotlin/kotlin-script-runtime/2.3.21/kotlin-script-runtime-2.3.21.jar:/Users/hadiranjbar/Downloads/java/token.usage/investigation/.m2/org/jetbrains/kotlin/kotlin-reflect/1.6.10/kotlin-reflect-1.6.10.jar:/Users/hadiranjbar/Downloads/java/token.usage/investigation/.m2/org/jetbrains/kotlin/kotlin-daemon-embeddable/2.3.21/kotlin-daemon-embeddable-2.3.21.jar:/Users/hadiranjbar/Downloads/java/token.usage/investigation/.m2/org/jetbrains/kotlinx/kotlinx-coroutines-core-jvm/1.8.0/kotlinx-coroutines-core-jvm-1.8.0.jar:/Users/hadiranjbar/Downloads/java/token.usage/investigation/.m2/org/jetbrains/kotlin/kotlin-compiler-runner/2.3.21/kotlin-compiler-runner-2.3.21.jar:/Users/hadiranjbar/Downloads/java/token.usage/investigation/.m2/org/jetbrains/kotlin/kotlin-daemon-client/2.3.21/kotlin-daemon-client-2.3.21.jar:/Users/hadiranjbar/Downloads/java/token.usage/investigation/.m2/org/jetbrains/kotlin/kotlin-scripting-compiler-embeddable/2.3.21/kotlin-scripting-compiler-embeddable-2.3.21.jar:/Users/hadiranjbar/Downloads/java/token.usage/investigation/.m2/org/jetbrains/kotlin/kotlin-scripting-common/2.3.21/kotlin-scripting-common-2.3.21.jar:/Users/hadiranjbar/Downloads/java/token.usage/investigation/.m2/org/jetbrains/kotlin/kotlin-scripting-jvm/2.3.21/kotlin-scripting-jvm-2.3.21.jar:/Users/hadiranjbar/Downloads/java/token.usage/investigation/.m2/org/jetbrains/kotlin/kotlin-scripting-compiler-impl-embeddable/2.3.21/kotlin-scripting-compiler-impl-embeddable-2.3.21.jar
[INFO] #1 retrying connecting to the daemon 
[INFO] Options for KOTLIN DAEMON: CompilationOptions(compilerMode=NON_INCREMENTAL_COMPILER, targetPlatform=JVM, reportCategories=[0], reportSeverity=2, requestedCompilationResults=[0], kotlinScriptExtensions=null, generateCompilerRefIndex=false)
[INFO] 
[INFO] --- build-helper:3.6.1:add-test-source (experiment-java) @ token.usage ---
[INFO] Test Source directory: /private/var/folders/n6/1nrbxjp5209dyzpfgv0hf4p80000gn/T/logging-trial-mtimb81o/investigation/src/test/java added.
[INFO] 
[INFO] --- build-helper:3.6.1:add-test-resource (experiment-resources) @ token.usage ---
[INFO] 
[INFO] --- resources:3.5.0:testResources (default-testResources) @ token.usage ---
[INFO] skip non existing resourceDirectory /private/var/folders/n6/1nrbxjp5209dyzpfgv0hf4p80000gn/T/logging-trial-mtimb81o/src/test/resources
[INFO] Copying 2 resources from investigation/src/test/resources to target/test-classes
[INFO] 
[INFO] --- compiler:3.15.0:testCompile (default-testCompile) @ token.usage ---
[INFO] Recompiling the module because of changed dependency.
[INFO] Compiling 2 source files with javac [debug parameters release 25] to target/test-classes
[INFO] 
[INFO] --- kotlin:2.3.21:test-compile (test-compile) @ token.usage ---
[INFO] Applied plugin: 'spring'
[INFO] Options for KOTLIN DAEMON: CompilationOptions(compilerMode=NON_INCREMENTAL_COMPILER, targetPlatform=JVM, reportCategories=[0], reportSeverity=2, requestedCompilationResults=[0], kotlinScriptExtensions=null, generateCompilerRefIndex=false)
[INFO] 
[INFO] --- surefire:3.5.6:test (default-test) @ token.usage ---
[INFO] Using auto detected provider org.apache.maven.surefire.junitplatform.JUnitPlatformProvider
[INFO] 
[INFO] -------------------------------------------------------
[INFO]  T E S T S
[INFO] -------------------------------------------------------
[INFO] Running com.ai.token.experiment.FailureCasesTest
CASE_BEGIN 07

  .   ____          _            __ _ _
 /\\ / ___'_ __ _ _(_)_ __  __ _ \ \ \ \
( ( )\___ | '_ | '_| | '_ \/ _` | \ \ \ \
 \\/  ___)| |_)| | | | | || (_| |  ) ) ) )
  '  |____| .__|_| |_|_| |_\__, | / / / /
 =========|_|==============|___/=/_/_/_/

 :: Spring Boot ::                (v4.1.1)

2026-10-01T00:06:05.462+02:00  INFO 44837 --- [token.usage] [           main] o.a.maven.surefire.booter.ForkedBooter   : Starting ForkedBooter v3.5.6 using Java 25 with PID 44837 (started by hadiranjbar in /private/var/folders/n6/1nrbxjp5209dyzpfgv0hf4p80000gn/T/logging-trial-mtimb81o)
2026-10-01T00:06:05.463+02:00  INFO 44837 --- [token.usage] [           main] o.a.maven.surefire.booter.ForkedBooter   : No active profile set, falling back to 1 default profile: "default"
2026-10-01T00:06:05.545+02:00  INFO 44837 --- [token.usage] [           main] o.a.maven.surefire.booter.ForkedBooter   : Started ForkedBooter in 0.285 seconds (process running for 0.766)
EFFECTIVE profiles=[] console=null exception=null
CASE_END 07
[ERROR] Tests run: 1, Failures: 0, Errors: 1, Skipped: 0, Time elapsed: 0.595 s <<< FAILURE! -- in com.ai.token.experiment.FailureCasesTest
[ERROR] com.ai.token.experiment.FailureCasesTest.scenario -- Time elapsed: 0.557 s <<< ERROR!
org.springframework.web.client.HttpClientErrorException$NotFound: 404 Not Found: "route not found: /wrong"
	at org.springframework.web.client.HttpClientErrorException.create(HttpClientErrorException.java:115)
	at org.springframework.web.client.StatusHandler.createException(StatusHandler.java:132)
	at org.springframework.web.client.StatusHandler.lambda$createDefaultStatusHandler$1(StatusHandler.java:107)
	at org.springframework.web.client.StatusHandler.handle(StatusHandler.java:75)
	at org.springframework.web.client.DefaultRestClient$DefaultResponseSpec.applyStatusHandlers(DefaultRestClient.java:943)
	at org.springframework.web.client.DefaultRestClient$DefaultResponseSpec.lambda$readBody$0(DefaultRestClient.java:932)
	at org.springframework.web.client.DefaultRestClient.readWithMessageConverters(DefaultRestClient.java:224)
	at org.springframework.web.client.DefaultRestClient$DefaultResponseSpec.readBody(DefaultRestClient.java:931)
	at org.springframework.web.client.DefaultRestClient$DefaultResponseSpec.lambda$body$0(DefaultRestClient.java:833)
	at org.springframework.web.client.DefaultRestClient$DefaultRequestBodyUriSpec.exchangeInternal(DefaultRestClient.java:617)
	at org.springframework.web.client.DefaultRestClient$DefaultRequestBodyUriSpec.exchange(DefaultRestClient.java:572)
	at org.springframework.web.client.RestClient$RequestHeadersSpec.exchange(RestClient.java:747)
	at org.springframework.web.client.DefaultRestClient$DefaultResponseSpec.executeAndExtract(DefaultRestClient.java:924)
	at org.springframework.web.client.DefaultRestClient$DefaultResponseSpec.body(DefaultRestClient.java:833)
	at com.ai.token.experiment.Defects.call(Defects.java:54)
	at com.ai.token.experiment.FailureCasesTest.scenario(FailureCasesTest.java:71)

[INFO] 
[INFO] Results:
[INFO] 
[ERROR] Errors: 
[ERROR]   FailureCasesTest.scenario:71 » NotFound 404 Not Found: "route not found: /wrong"
[INFO] 
[ERROR] Tests run: 1, Failures: 0, Errors: 1, Skipped: 0
[INFO] 
[INFO] ------------------------------------------------------------------------
[INFO] BUILD FAILURE
[INFO] ------------------------------------------------------------------------
[INFO] Total time:  6.747 s
[INFO] Finished at: 2026-10-01T00:06:06+02:00
[INFO] ------------------------------------------------------------------------
[ERROR] Failed to execute goal org.apache.maven.plugins:maven-surefire-plugin:3.5.6:test (default-test) on project token.usage: 
[ERROR] 
[ERROR] See /private/var/folders/n6/1nrbxjp5209dyzpfgv0hf4p80000gn/T/logging-trial-mtimb81o/target/surefire-reports for the individual test results.
[ERROR] See dump files (if any exist) [date].dump, [date]-jvmRun[N].dump and [date].dumpstream.
[ERROR] -> [Help 1]
[ERROR] 
[ERROR] To see the full stack trace of the errors, re-run Maven with the -e switch.
[ERROR] Re-run Maven using the -X switch to enable full debug logging.
[ERROR] 
[ERROR] For more information about the errors and possible solutions, please read the following articles:
[ERROR] [Help 1] http://cwiki.apache.org/confluence/display/MAVEN/MojoFailureException
