[INFO] Scanning for projects...
[INFO] 
[INFO] -------------------------< com.ai:token.usage >-------------------------
[INFO] Building  0.0.1-SNAPSHOT
[INFO]   from pom.xml
[INFO] --------------------------------[ jar ]---------------------------------
[INFO] 
[INFO] --- resources:3.5.0:resources (default-resources) @ token.usage ---
[INFO] Copying 2 resources from src/main/resources to target/classes
[INFO] Copying 0 resource from src/main/resources to target/classes
[INFO] 
[INFO] --- compiler:3.15.0:compile (default-compile) @ token.usage ---
[INFO] Nothing to compile - all classes are up to date.
[INFO] 
[INFO] --- kotlin:2.3.21:compile (compile) @ token.usage ---
[INFO] Applied plugin: 'spring'
[INFO] 
[INFO] --- build-helper:3.6.1:add-test-source (experiment-java) @ token.usage ---
[INFO] Test Source directory: /private/var/folders/n6/1nrbxjp5209dyzpfgv0hf4p80000gn/T/routine-agent-cs9ohi9c/investigation/src/test/java added.
[INFO] 
[INFO] --- build-helper:3.6.1:add-test-resource (experiment-resources) @ token.usage ---
[INFO] 
[INFO] --- resources:3.5.0:testResources (default-testResources) @ token.usage ---
[INFO] skip non existing resourceDirectory /private/var/folders/n6/1nrbxjp5209dyzpfgv0hf4p80000gn/T/routine-agent-cs9ohi9c/src/test/resources
[INFO] Copying 2 resources from investigation/src/test/resources to target/test-classes
[INFO] 
[INFO] --- compiler:3.15.0:testCompile (default-testCompile) @ token.usage ---
[INFO] Recompiling the module because of changed dependency.
[INFO] Compiling 5 source files with javac [debug parameters release 25] to target/test-classes
[INFO] 
[INFO] --- kotlin:2.3.21:test-compile (test-compile) @ token.usage ---
[INFO] Applied plugin: 'spring'
[INFO] 
[INFO] --- surefire:3.5.6:test (default-test) @ token.usage ---
[INFO] Using auto detected provider org.apache.maven.surefire.junitplatform.JUnitPlatformProvider
[INFO] 
[INFO] -------------------------------------------------------
[INFO]  T E S T S
[INFO] -------------------------------------------------------
[INFO] Running com.ai.token.experiment.ProfileVerificationTest

  .   ____          _            __ _ _
 /\\ / ___'_ __ _ _(_)_ __  __ _ \ \ \ \
( ( )\___ | '_ | '_| | '_ \/ _` | \ \ \ \
 \\/  ___)| |_)| | | | | || (_| |  ) ) ) )
  '  |____| .__|_| |_|_| |_\__, | / / / /
 =========|_|==============|___/=/_/_/_/

 :: Spring Boot ::                (v4.1.1)

19:23:33.173 INFO [main] o.a.m.surefire.booter.ForkedBooter: Starting ForkedBooter v3.5.6 using Java 25 with PID 65041 (started by hadiranjbar in /private/var/folders/n6/1nrbxjp5209dyzpfgv0hf4p80000gn/T/routine-agent-cs9ohi9c)
19:23:33.174 INFO [main] o.a.m.surefire.booter.ForkedBooter: The following 1 profile is active: "agent"
19:23:33.247 INFO [main] o.a.m.surefire.booter.ForkedBooter: Started ForkedBooter in 0.264 seconds (process running for 0.671)
[INFO] Tests run: 1, Failures: 0, Errors: 0, Skipped: 0, Time elapsed: 0.373 s -- in com.ai.token.experiment.ProfileVerificationTest
[INFO] 
[INFO] Results:
[INFO] 
[INFO] Tests run: 1, Failures: 0, Errors: 0, Skipped: 0
[INFO] 
[INFO] ------------------------------------------------------------------------
[INFO] BUILD SUCCESS
[INFO] ------------------------------------------------------------------------
[INFO] Total time:  4.583 s
[INFO] Finished at: 2026-10-02T19:23:33+02:00
[INFO] ------------------------------------------------------------------------
