[INFO] Scanning for projects...
[INFO] 
[INFO] -------------------------< com.ai:token.usage >-------------------------
[INFO] Building  0.0.1-SNAPSHOT
[INFO]   from pom.xml
[INFO] --------------------------------[ jar ]---------------------------------
[INFO] 
[INFO] --- resources:3.5.0:resources (default-resources) @ token.usage ---
[INFO] Copying 2 resources from src/main/resources to target/classes
[INFO] Copying 0 resource from src/main/resources to target/classes
[INFO] 
[INFO] --- compiler:3.15.0:compile (default-compile) @ token.usage ---
[INFO] Nothing to compile - all classes are up to date.
[INFO] 
[INFO] --- kotlin:2.3.21:compile (compile) @ token.usage ---
[INFO] Applied plugin: 'spring'
[INFO] 
[INFO] --- build-helper:3.6.1:add-test-source (experiment-java) @ token.usage ---
[INFO] Test Source directory: /private/var/folders/n6/1nrbxjp5209dyzpfgv0hf4p80000gn/T/natural-read-csmox2l3/investigation/src/test/java added.
[INFO] 
[INFO] --- build-helper:3.6.1:add-test-resource (experiment-resources) @ token.usage ---
[INFO] 
[INFO] --- resources:3.5.0:testResources (default-testResources) @ token.usage ---
[INFO] skip non existing resourceDirectory /private/var/folders/n6/1nrbxjp5209dyzpfgv0hf4p80000gn/T/natural-read-csmox2l3/src/test/resources
[INFO] Copying 2 resources from investigation/src/test/resources to target/test-classes
[INFO] 
[INFO] --- compiler:3.15.0:testCompile (default-testCompile) @ token.usage ---
[INFO] Recompiling the module because of changed dependency.
[INFO] Compiling 3 source files with javac [debug parameters release 25] to target/test-classes
[INFO] 
[INFO] --- kotlin:2.3.21:test-compile (test-compile) @ token.usage ---
[INFO] Applied plugin: 'spring'
[INFO] 
[INFO] --- surefire:3.5.6:test (default-test) @ token.usage ---
[INFO] Using auto detected provider org.apache.maven.surefire.junitplatform.JUnitPlatformProvider
[INFO] 
[INFO] -------------------------------------------------------
[INFO]  T E S T S
[INFO] -------------------------------------------------------
[INFO] Running com.ai.token.experiment.FailureCasesTest
CASE_BEGIN 09

  .   ____          _            __ _ _
 /\\ / ___'_ __ _ _(_)_ __  __ _ \ \ \ \
( ( )\___ | '_ | '_| | '_ \/ _` | \ \ \ \
 \\/  ___)| |_)| | | | | || (_| |  ) ) ) )
  '  |____| .__|_| |_|_| |_\__, | / / / /
 =========|_|==============|___/=/_/_/_/

 :: Spring Boot ::                (v4.1.1)

00:50:56.474 INFO [main] o.a.m.surefire.booter.ForkedBooter: Starting ForkedBooter v3.5.6 using Java 25 with PID 56762 (started by hadiranjbar in /private/var/folders/n6/1nrbxjp5209dyzpfgv0hf4p80000gn/T/natural-read-csmox2l3)
00:50:56.476 INFO [main] o.a.m.surefire.booter.ForkedBooter: The following 1 profile is active: "agent"
00:50:56.553 INFO [main] o.a.m.surefire.booter.ForkedBooter: Started ForkedBooter in 0.274 seconds (process running for 0.699)
00:50:56.568 INFO [main] o.testcontainers.images.PullPolicy: Image pull policy will be performed by: DefaultPullPolicy()
00:50:56.568 INFO [main] o.t.utility.ImageNameSubstitutor: Image name substitution will be performed by: DefaultImageNameSubstitutor (composite of 'ConfigurationFileImageNameSubstitutor' and 'PrefixingImageNameSubstitutor')
00:50:56.573 INFO [main] o.testcontainers.DockerClientFactory: Testcontainers version: 2.0.5
00:50:56.700 INFO [main] o.t.d.DockerClientProviderStrategy: Loaded org.testcontainers.dockerclient.UnixSocketClientProviderStrategy from ~/.testcontainers.properties, will try it first
00:50:56.911 INFO [main] o.t.d.DockerClientProviderStrategy: Found Docker environment with local Unix socket (unix:///var/run/docker.sock)
00:50:56.912 INFO [main] o.testcontainers.DockerClientFactory: Docker host IP address is localhost
00:50:56.923 INFO [main] o.testcontainers.DockerClientFactory: Connected to docker: 
  Server Version: 29.6.2
  API Version: 1.55
  Operating System: Docker Desktop
  Total Memory: 7936 MB
  Labels: 
    com.docker.desktop.address=unix:///Users/hadiranjbar/Library/Containers/com.docker.docker/Data/docker-cli.sock
00:50:57.009 INFO [main] tc.testcontainers/ryuk:0.14.0: Creating container for image: testcontainers/ryuk:0.14.0
00:50:57.087 INFO [main] o.t.utility.RegistryAuthLocator: Credential helper/store (docker-credential-desktop) does not have credentials for https://index.docker.io/v1/
00:50:57.181 INFO [main] tc.testcontainers/ryuk:0.14.0: Container testcontainers/ryuk:0.14.0 is starting: dabf047bd9dec101ca51fe70840991a71ebccc0906d42ef91744418a84e9218e
00:50:57.402 INFO [main] tc.testcontainers/ryuk:0.14.0: Container testcontainers/ryuk:0.14.0 started in PT0.393333S
00:50:57.407 INFO [main] o.t.utility.RyukResourceReaper: Ryuk started - will monitor and terminate Testcontainers containers on JVM exit
00:50:57.407 INFO [main] o.testcontainers.DockerClientFactory: Checking the system...
00:50:57.407 INFO [main] o.testcontainers.DockerClientFactory: ✔︎ Docker server version should be at least 1.6.0
00:50:57.408 INFO [main] tc.postgres:17.6-alpine: Creating container for image: postgres:17.6-alpine
00:50:57.493 INFO [main] tc.postgres:17.6-alpine: Container postgres:17.6-alpine is starting: a8cc11a073462a56ae1c194cb2866511cb5fe3daaf26b1d7d4099735e89b07b4
00:50:58.634 INFO [main] tc.postgres:17.6-alpine: Container postgres:17.6-alpine started in PT1.226154S
00:50:58.635 INFO [main] tc.postgres:17.6-alpine: Container is started (JDBC URL: jdbc:postgresql://localhost:59537/test?loggerLevel=OFF)
CASE_END 09
[ERROR] Tests run: 1, Failures: 0, Errors: 1, Skipped: 0, Time elapsed: 2.778 s <<< FAILURE! -- in com.ai.token.experiment.FailureCasesTest
[ERROR] com.ai.token.experiment.FailureCasesTest.scenario -- Time elapsed: 2.743 s <<< ERROR!
org.postgresql.util.PSQLException: 
ERROR: duplicate key value violates unique constraint "uq_email"
  Detail: Key (email)=(same@example.test) already exists.
	at org.postgresql.core.v3.QueryExecutorImpl.receiveErrorResponse(QueryExecutorImpl.java:2993)
	at org.postgresql.core.v3.QueryExecutorImpl.processResults(QueryExecutorImpl.java:2656)
	at org.postgresql.core.v3.QueryExecutorImpl.execute(QueryExecutorImpl.java:446)
	at org.postgresql.jdbc.PgStatement.executeInternal(PgStatement.java:533)
	at org.postgresql.jdbc.PgStatement.execute(PgStatement.java:449)
	at org.postgresql.jdbc.PgPreparedStatement.executeWithFlags(PgPreparedStatement.java:197)
	at org.postgresql.jdbc.PgPreparedStatement.executeUpdate(PgPreparedStatement.java:158)
	at com.ai.token.experiment.Defects.save(Defects.java:41)
	at com.ai.token.experiment.FailureCasesTest.scenario(FailureCasesTest.java:76)

[INFO] 
[INFO] Results:
[INFO] 
[ERROR] Errors: 
[ERROR]   FailureCasesTest.scenario:76 » PSQL ERROR: duplicate key value violates unique constraint "uq_email"
  Detail: Key (email)=(same@example.test) already exists.
[INFO] 
[ERROR] Tests run: 1, Failures: 0, Errors: 1, Skipped: 0
[INFO] 
[INFO] ------------------------------------------------------------------------
[INFO] BUILD FAILURE
[INFO] ------------------------------------------------------------------------
[INFO] Total time:  7.137 s
[INFO] Finished at: 2026-10-02T00:50:59+02:00
[INFO] ------------------------------------------------------------------------
[ERROR] Failed to execute goal org.apache.maven.plugins:maven-surefire-plugin:3.5.6:test (default-test) on project token.usage: 
[ERROR] 
[ERROR] See /private/var/folders/n6/1nrbxjp5209dyzpfgv0hf4p80000gn/T/natural-read-csmox2l3/target/surefire-reports for the individual test results.
[ERROR] See dump files (if any exist) [date].dump, [date]-jvmRun[N].dump and [date].dumpstream.
[ERROR] -> [Help 1]
[ERROR] 
[ERROR] To see the full stack trace of the errors, re-run Maven with the -e switch.
[ERROR] Re-run Maven using the -X switch to enable full debug logging.
[ERROR] 
[ERROR] For more information about the errors and possible solutions, please read the following articles:
[ERROR] [Help 1] http://cwiki.apache.org/confluence/display/MAVEN/MojoFailureException
WARNING: A terminally deprecated method in sun.misc.Unsafe has been called
WARNING: sun.misc.Unsafe::objectFieldOffset has been called by org.jetbrains.kotlin.com.intellij.util.containers.Unsafe (file:/Users/hadiranjbar/Downloads/java/token.usage/investigation/.m2/org/jetbrains/kotlin/kotlin-compiler-embeddable/2.3.21/kotlin-compiler-embeddable-2.3.21.jar)
WARNING: Please consider reporting this to the maintainers of class org.jetbrains.kotlin.com.intellij.util.containers.Unsafe
WARNING: sun.misc.Unsafe::objectFieldOffset will be removed in a future release
