[INFO] Scanning for projects...
[INFO] 
[INFO] -------------------------< com.ai:token.usage >-------------------------
[INFO] Building  0.0.1-SNAPSHOT
[INFO]   from pom.xml
[INFO] --------------------------------[ jar ]---------------------------------
[INFO] 
[INFO] --- surefire:3.5.6:test (default-cli) @ token.usage ---
[INFO] Using auto detected provider org.apache.maven.surefire.junitplatform.JUnitPlatformProvider
[INFO] 
[INFO] -------------------------------------------------------
[INFO]  T E S T S
[INFO] -------------------------------------------------------
[INFO] Running com.ai.token.experiment.FailureCasesTest
CASE_BEGIN 05

  .   ____          _            __ _ _
 /\\ / ___'_ __ _ _(_)_ __  __ _ \ \ \ \
( ( )\___ | '_ | '_| | '_ \/ _` | \ \ \ \
 \\/  ___)| |_)| | | | | || (_| |  ) ) ) )
  '  |____| .__|_| |_|_| |_\__, | / / / /
 =========|_|==============|___/=/_/_/_/

 :: Spring Boot ::                (v4.1.1)

00:08:01.449 INFO [main] o.a.m.surefire.booter.ForkedBooter: Starting ForkedBooter v3.5.6 using Java 25 with PID 45803 (started by hadiranjbar in /Users/hadiranjbar/Downloads/java/token.usage)
00:08:01.450 INFO [main] o.a.m.surefire.booter.ForkedBooter: The following 1 profile is active: "agent"
00:08:01.523 INFO [main] o.a.m.surefire.booter.ForkedBooter: Started ForkedBooter in 0.261 seconds (process running for 0.669)
EFFECTIVE profiles=[agent] console=%d{HH:mm:ss.SSS} %level [%thread] %logger{36}: %msg%n%replace(%wEx){'(?m)^[ \t]+at (?:org\.junit\.|org\.apache\.maven\.surefire\.|java\.lang\.reflect\.|jdk\.internal\.reflect\.)[^\r\n]*[\r\n]+',''}%nopex exception=%replace(%wEx){'(?m)^[ \t]+at (?:org\.junit\.|org\.apache\.maven\.surefire\.|java\.lang\.reflect\.|jdk\.internal\.reflect\.)[^\r\n]*[\r\n]+',''}
CASE_END 05
[ERROR] Tests run: 1, Failures: 0, Errors: 1, Skipped: 0, Time elapsed: 0.473 s <<< FAILURE! -- in com.ai.token.experiment.FailureCasesTest
[ERROR] com.ai.token.experiment.FailureCasesTest.scenario -- Time elapsed: 0.439 s <<< ERROR!
org.h2.jdbc.JdbcSQLIntegrityConstraintViolationException: 
Unique index or primary key violation: "PUBLIC.UQ_EMAIL INDEX PUBLIC.UQ_EMAIL_INDEX_4 ON PUBLIC.USERS(EMAIL NULLS FIRST) VALUES ( /* 1 */ 'same@example.test' )"; SQL statement:
INSERT INTO users VALUES (?, ?) [23505-240]
	at org.h2.message.DbException.getJdbcSQLException(DbException.java:520)
	at org.h2.message.DbException.getJdbcSQLException(DbException.java:489)
	at org.h2.message.DbException.get(DbException.java:223)
	at org.h2.message.DbException.get(DbException.java:199)
	at org.h2.index.Index.getDuplicateKeyException(Index.java:535)
	at org.h2.mvstore.db.MVSecondaryIndex.checkUnique(MVSecondaryIndex.java:223)
	at org.h2.mvstore.db.MVSecondaryIndex.add(MVSecondaryIndex.java:184)
	at org.h2.mvstore.db.MVTable.addRow(MVTable.java:520)
	at org.h2.command.dml.Insert.insertRows(Insert.java:174)
	at org.h2.command.dml.Insert.update(Insert.java:135)
	at org.h2.command.dml.DataChangeStatement.update(DataChangeStatement.java:77)
	at org.h2.command.CommandContainer.update(CommandContainer.java:139)
	at org.h2.command.Command.executeUpdate(Command.java:306)
	at org.h2.command.Command.executeUpdate(Command.java:250)
	at org.h2.jdbc.JdbcPreparedStatement.executeUpdateInternal(JdbcPreparedStatement.java:213)
	at org.h2.jdbc.JdbcPreparedStatement.executeUpdate(JdbcPreparedStatement.java:172)
	at com.ai.token.experiment.Defects.save(Defects.java:42)
	at com.ai.token.experiment.FailureCasesTest.scenario(FailureCasesTest.java:58)

[INFO] 
[INFO] Results:
[INFO] 
[ERROR] Errors: 
[ERROR]   FailureCasesTest.scenario:58 » JdbcSQLIntegrityConstraintViolation Unique index or primary key violation: "PUBLIC.UQ_EMAIL INDEX PUBLIC.UQ_EMAIL_INDEX_4 ON PUBLIC.USERS(EMAIL NULLS FIRST) VALUES ( /* 1 */ 'same@example.test' )"; SQL statement:
INSERT INTO users VALUES (?, ?) [23505-240]
[INFO] 
[ERROR] Tests run: 1, Failures: 0, Errors: 1, Skipped: 0
[INFO] 
[INFO] ------------------------------------------------------------------------
[INFO] BUILD FAILURE
[INFO] ------------------------------------------------------------------------
[INFO] Total time:  1.283 s
[INFO] Finished at: 2026-10-01T00:08:01+02:00
[INFO] ------------------------------------------------------------------------
[ERROR] Failed to execute goal org.apache.maven.plugins:maven-surefire-plugin:3.5.6:test (default-cli) on project token.usage: 
[ERROR] 
[ERROR] See /Users/hadiranjbar/Downloads/java/token.usage/investigation/raw/conservative-v2/05/safe/1/reports for the individual test results.
[ERROR] See dump files (if any exist) [date].dump, [date]-jvmRun[N].dump and [date].dumpstream.
[ERROR] -> [Help 1]
[ERROR] 
[ERROR] To see the full stack trace of the errors, re-run Maven with the -e switch.
[ERROR] Re-run Maven using the -X switch to enable full debug logging.
[ERROR] 
[ERROR] For more information about the errors and possible solutions, please read the following articles:
[ERROR] [Help 1] http://cwiki.apache.org/confluence/display/MAVEN/MojoFailureException
