[INFO] Scanning for projects...
[INFO] 
[INFO] -------------------------< com.ai:token.usage >-------------------------
[INFO] Building  0.0.1-SNAPSHOT
[INFO]   from pom.xml
[INFO] --------------------------------[ jar ]---------------------------------
[INFO] 
[INFO] --- surefire:3.5.6:test (default-cli) @ token.usage ---
[INFO] Using auto detected provider org.apache.maven.surefire.junitplatform.JUnitPlatformProvider
[INFO] 
[INFO] -------------------------------------------------------
[INFO]  T E S T S
[INFO] -------------------------------------------------------
[INFO] Running com.ai.token.experiment.FailureCasesTest
CASE_BEGIN 02

  .   ____          _            __ _ _
 /\\ / ___'_ __ _ _(_)_ __  __ _ \ \ \ \
( ( )\___ | '_ | '_| | '_ \/ _` | \ \ \ \
 \\/  ___)| |_)| | | | | || (_| |  ) ) ) )
  '  |____| .__|_| |_|_| |_\__, | / / / /
 =========|_|==============|___/=/_/_/_/

 :: Spring Boot ::                (v4.1.1)

00:05:57.439 INFO [main] o.a.m.surefire.booter.ForkedBooter: Starting ForkedBooter v3.5.6 using Java 25 with PID 44743 (started by hadiranjbar in /Users/hadiranjbar/Downloads/java/token.usage)
00:05:57.441 INFO [main] o.a.m.surefire.booter.ForkedBooter: The following 1 profile is active: "agent"
00:05:57.509 INFO [main] o.a.m.surefire.booter.ForkedBooter: Started ForkedBooter in 0.252 seconds (process running for 0.656)
EFFECTIVE profiles=[agent] console=%d{HH:mm:ss.SSS} %level [%thread] %logger{36}: %msg%n%replace(%wEx){'(?m)^[ \t]+at (?:org\.junit\.|org\.apache\.maven\.surefire\.|java\.lang\.reflect\.|jdk\.internal\.reflect\.)[^\r\n]*[\r\n]+',''}%nopex exception=%replace(%wEx){'(?m)^[ \t]+at (?:org\.junit\.|org\.apache\.maven\.surefire\.|java\.lang\.reflect\.|jdk\.internal\.reflect\.)[^\r\n]*[\r\n]+',''}
00:05:57.514 ERROR [main] com.ai.token.experiment.Defects: client setup failed

java.lang.IllegalStateException: cannot initialize client
	at com.ai.token.experiment.Defects.connect(Defects.java:21) ~[test-classes/:na]
	at com.ai.token.experiment.FailureCasesTest.scenario(FailureCasesTest.java:41) ~[test-classes/:na]
	at java.base/jdk.internal.reflect.DirectMethodHandleAccessor.invoke(DirectMethodHandleAccessor.java:104) ~[na:na]
	at java.base/java.lang.reflect.Method.invoke(Method.java:565) ~[na:na]
	at java.base/java.util.ArrayList.forEach(ArrayList.java:1604) ~[na:na]
	at java.base/java.util.ArrayList.forEach(ArrayList.java:1604) ~[na:na]
	at java.base/jdk.internal.reflect.DirectMethodHandleAccessor.invoke(DirectMethodHandleAccessor.java:104) ~[na:na]
	at java.base/java.lang.reflect.Method.invoke(Method.java:565) ~[na:na]
	Suppressed: java.io.IOException: cleanup socket failed
		at com.ai.token.experiment.Defects.connect(Defects.java:22) ~[test-classes/:na]
		... 82 common frames omitted
Caused by: java.io.IOException: invalid upstream port
	at com.ai.token.experiment.Defects.connect(Defects.java:20) ~[test-classes/:na]
	... 82 common frames omitted
Caused by: java.lang.NumberFormatException: For input string: "eighty"
	at java.base/java.lang.NumberFormatException.forInputString(NumberFormatException.java:67) ~[na:na]
	at java.base/java.lang.Integer.parseInt(Integer.java:565) ~[na:na]
	at java.base/java.lang.Integer.parseInt(Integer.java:662) ~[na:na]
	at com.ai.token.experiment.Defects.parsePort(Defects.java:16) ~[test-classes/:na]
	at com.ai.token.experiment.Defects.connect(Defects.java:18) ~[test-classes/:na]
	... 82 common frames omitted

CASE_END 02
[ERROR] Tests run: 1, Failures: 0, Errors: 1, Skipped: 0, Time elapsed: 0.368 s <<< FAILURE! -- in com.ai.token.experiment.FailureCasesTest
[ERROR] com.ai.token.experiment.FailureCasesTest.scenario -- Time elapsed: 0.335 s <<< ERROR!
java.lang.IllegalStateException: cannot initialize client
	at com.ai.token.experiment.Defects.connect(Defects.java:21)
	at com.ai.token.experiment.FailureCasesTest.scenario(FailureCasesTest.java:41)
	Suppressed: java.io.IOException: cleanup socket failed
		at com.ai.token.experiment.Defects.connect(Defects.java:22)
		... 1 more
Caused by: java.io.IOException: invalid upstream port
	at com.ai.token.experiment.Defects.connect(Defects.java:20)
	... 1 more
Caused by: java.lang.NumberFormatException: For input string: "eighty"
	at java.base/java.lang.NumberFormatException.forInputString(NumberFormatException.java:67)
	at java.base/java.lang.Integer.parseInt(Integer.java:565)
	at java.base/java.lang.Integer.parseInt(Integer.java:662)
	at com.ai.token.experiment.Defects.parsePort(Defects.java:16)
	at com.ai.token.experiment.Defects.connect(Defects.java:18)
	... 1 more

[INFO] 
[INFO] Results:
[INFO] 
[ERROR] Errors: 
[ERROR]   FailureCasesTest.scenario:41 » IllegalState cannot initialize client
[INFO] 
[ERROR] Tests run: 1, Failures: 0, Errors: 1, Skipped: 0
[INFO] 
[INFO] ------------------------------------------------------------------------
[INFO] BUILD FAILURE
[INFO] ------------------------------------------------------------------------
[INFO] Total time:  1.172 s
[INFO] Finished at: 2026-10-01T00:05:57+02:00
[INFO] ------------------------------------------------------------------------
[ERROR] Failed to execute goal org.apache.maven.plugins:maven-surefire-plugin:3.5.6:test (default-cli) on project token.usage: 
[ERROR] 
[ERROR] See /Users/hadiranjbar/Downloads/java/token.usage/investigation/raw/conservative/02/safe/1/reports for the individual test results.
[ERROR] See dump files (if any exist) [date].dump, [date]-jvmRun[N].dump and [date].dumpstream.
[ERROR] -> [Help 1]
[ERROR] 
[ERROR] To see the full stack trace of the errors, re-run Maven with the -e switch.
[ERROR] Re-run Maven using the -X switch to enable full debug logging.
[ERROR] 
[ERROR] For more information about the errors and possible solutions, please read the following articles:
[ERROR] [Help 1] http://cwiki.apache.org/confluence/display/MAVEN/MojoFailureException
