[INFO] Scanning for projects...
[INFO] 
[INFO] -------------------------< com.ai:token.usage >-------------------------
[INFO] Building  0.0.1-SNAPSHOT
[INFO]   from pom.xml
[INFO] --------------------------------[ jar ]---------------------------------
[INFO] 
[INFO] --- resources:3.5.0:resources (default-resources) @ token.usage ---
[INFO] Copying 2 resources from src/main/resources to target/classes
[INFO] Copying 0 resource from src/main/resources to target/classes
[INFO] 
[INFO] --- compiler:3.15.0:compile (default-compile) @ token.usage ---
[INFO] Nothing to compile - all classes are up to date.
[INFO] 
[INFO] --- kotlin:2.3.21:compile (compile) @ token.usage ---
[INFO] Applied plugin: 'spring'
[INFO] Options for KOTLIN DAEMON: CompilationOptions(compilerMode=NON_INCREMENTAL_COMPILER, targetPlatform=JVM, reportCategories=[0], reportSeverity=2, requestedCompilationResults=[0], kotlinScriptExtensions=null, generateCompilerRefIndex=false)
[INFO] 
[INFO] --- build-helper:3.6.1:add-test-source (experiment-java) @ token.usage ---
[INFO] Test Source directory: /private/var/folders/n6/1nrbxjp5209dyzpfgv0hf4p80000gn/T/logging-positive-control-63f2cmm2/investigation/src/test/java added.
[INFO] 
[INFO] --- build-helper:3.6.1:add-test-resource (experiment-resources) @ token.usage ---
[INFO] 
[INFO] --- resources:3.5.0:testResources (default-testResources) @ token.usage ---
[INFO] skip non existing resourceDirectory /private/var/folders/n6/1nrbxjp5209dyzpfgv0hf4p80000gn/T/logging-positive-control-63f2cmm2/src/test/resources
[INFO] Copying 2 resources from investigation/src/test/resources to target/test-classes
[INFO] 
[INFO] --- compiler:3.15.0:testCompile (default-testCompile) @ token.usage ---
[INFO] Recompiling the module because of changed dependency.
[INFO] Compiling 2 source files with javac [debug parameters release 25] to target/test-classes
[INFO] 
[INFO] --- kotlin:2.3.21:test-compile (test-compile) @ token.usage ---
[INFO] Applied plugin: 'spring'
[INFO] Options for KOTLIN DAEMON: CompilationOptions(compilerMode=NON_INCREMENTAL_COMPILER, targetPlatform=JVM, reportCategories=[0], reportSeverity=2, requestedCompilationResults=[0], kotlinScriptExtensions=null, generateCompilerRefIndex=false)
[INFO] 
[INFO] --- surefire:3.5.6:test (default-test) @ token.usage ---
[INFO] Using auto detected provider org.apache.maven.surefire.junitplatform.JUnitPlatformProvider
[INFO] 
[INFO] -------------------------------------------------------
[INFO]  T E S T S
[INFO] -------------------------------------------------------
[INFO] Running com.ai.token.experiment.FailureCasesTest
CASE_BEGIN 07

  .   ____          _            __ _ _
 /\\ / ___'_ __ _ _(_)_ __  __ _ \ \ \ \
( ( )\___ | '_ | '_| | '_ \/ _` | \ \ \ \
 \\/  ___)| |_)| | | | | || (_| |  ) ) ) )
  '  |____| .__|_| |_|_| |_\__, | / / / /
 =========|_|==============|___/=/_/_/_/

 :: Spring Boot ::                (v4.1.1)

2026-09-30T19:22:04.064+02:00  INFO 37436 --- [token.usage] [           main] o.a.maven.surefire.booter.ForkedBooter   : Starting ForkedBooter v3.5.6 using Java 25 with PID 37436 (started by hadiranjbar in /private/var/folders/n6/1nrbxjp5209dyzpfgv0hf4p80000gn/T/logging-positive-control-63f2cmm2)
2026-09-30T19:22:04.066+02:00  INFO 37436 --- [token.usage] [           main] o.a.maven.surefire.booter.ForkedBooter   : No active profile set, falling back to 1 default profile: "default"
2026-09-30T19:22:04.159+02:00  INFO 37436 --- [token.usage] [           main] o.a.maven.surefire.booter.ForkedBooter   : Started ForkedBooter in 0.313 seconds (process running for 0.815)
EFFECTIVE profiles=[] console=null exception=null
CASE_END 07
[ERROR] Tests run: 1, Failures: 0, Errors: 1, Skipped: 0, Time elapsed: 0.719 s <<< FAILURE! -- in com.ai.token.experiment.FailureCasesTest
[ERROR] com.ai.token.experiment.FailureCasesTest.scenario -- Time elapsed: 0.679 s <<< ERROR!
org.springframework.web.client.UnknownContentTypeException: Could not extract response: no suitable HttpMessageConverter found for response type [class java.lang.Integer] and content type [application/octet-stream]
	at org.springframework.web.client.DefaultRestClient.readWithMessageConverters(DefaultRestClient.java:263)
	at org.springframework.web.client.DefaultRestClient$DefaultResponseSpec.readBody(DefaultRestClient.java:931)
	at org.springframework.web.client.DefaultRestClient$DefaultResponseSpec.lambda$body$0(DefaultRestClient.java:833)
	at org.springframework.web.client.DefaultRestClient$DefaultRequestBodyUriSpec.exchangeInternal(DefaultRestClient.java:617)
	at org.springframework.web.client.DefaultRestClient$DefaultRequestBodyUriSpec.exchange(DefaultRestClient.java:572)
	at org.springframework.web.client.RestClient$RequestHeadersSpec.exchange(RestClient.java:747)
	at org.springframework.web.client.DefaultRestClient$DefaultResponseSpec.executeAndExtract(DefaultRestClient.java:924)
	at org.springframework.web.client.DefaultRestClient$DefaultResponseSpec.body(DefaultRestClient.java:833)
	at com.ai.token.experiment.Defects.call(Defects.java:56)
	at com.ai.token.experiment.FailureCasesTest.scenario(FailureCasesTest.java:71)

[INFO] 
[INFO] Results:
[INFO] 
[ERROR] Errors: 
[ERROR]   FailureCasesTest.scenario:71 » UnknownContentType Could not extract response: no suitable HttpMessageConverter found for response type [class java.lang.Integer] and content type [application/octet-stream]
[INFO] 
[ERROR] Tests run: 1, Failures: 0, Errors: 1, Skipped: 0
[INFO] 
[INFO] ------------------------------------------------------------------------
[INFO] BUILD FAILURE
[INFO] ------------------------------------------------------------------------
[INFO] Total time:  3.733 s
[INFO] Finished at: 2026-09-30T19:22:04+02:00
[INFO] ------------------------------------------------------------------------
[ERROR] Failed to execute goal org.apache.maven.plugins:maven-surefire-plugin:3.5.6:test (default-test) on project token.usage: 
[ERROR] 
[ERROR] See /private/var/folders/n6/1nrbxjp5209dyzpfgv0hf4p80000gn/T/logging-positive-control-63f2cmm2/target/surefire-reports for the individual test results.
[ERROR] See dump files (if any exist) [date].dump, [date]-jvmRun[N].dump and [date].dumpstream.
[ERROR] -> [Help 1]
[ERROR] 
[ERROR] To see the full stack trace of the errors, re-run Maven with the -e switch.
[ERROR] Re-run Maven using the -X switch to enable full debug logging.
[ERROR] 
[ERROR] For more information about the errors and possible solutions, please read the following articles:
[ERROR] [Help 1] http://cwiki.apache.org/confluence/display/MAVEN/MojoFailureException
